Component: ARM Compiler 5.06 update 6 (build 750) Tool: armlink [4d35ed]

==============================================================================

Section Cross References

    startup.o(RESET) refers to startup.o(STACK) for StackMem
    startup.o(RESET) refers to osasm.o(.text) for SVC_Handler
    startup.o(RESET) refers to os.o(i.SysTick_Handler) for SysTick_Handler
    startup.o(RESET) refers to uart0int.o(i.UART0_Handler) for UART0_Handler
    startup.o(RESET) refers to adct0atrigger.o(i.ADC0Seq0_Handler) for ADC0Seq0_Handler
    startup.o(RESET) refers to adct0atrigger.o(i.ADC0Seq3_Handler) for ADC0Seq3_Handler
    startup.o(RESET) refers to os.o(i.GPIOPortF_Handler) for GPIOPortF_Handler
    startup.o(RESET) refers to esp8266.o(i.UART2_Handler) for UART2_Handler
    startup.o(RESET) refers to can0.o(i.CAN0_Handler) for CAN0_Handler
    startup.o(RESET) refers to timer5a.o(i.Timer5A_Handler) for Timer5A_Handler
    startup.o(RESET) refers to wtimer0a.o(i.WideTimer0A_Handler) for WideTimer0A_Handler
    startup.o(RESET) refers to wtimer1a.o(i.WideTimer1A_Handler) for WideTimer1A_Handler
    startup.o(RESET) refers to wtimer1b.o(i.WideTimer1B_Handler) for WideTimer1B_Handler
    startup.o(RESET) refers to entry.o(.ARM.Collect$$$$00000000) for __main
    launchpad.o(i.LaunchPad_WaitForRelease) refers to launchpad.o(i.DelayMs) for DelayMs
    launchpad.o(i.LaunchPad_WaitForTouch) refers to launchpad.o(i.DelayMs) for DelayMs
    lab6.o(i.AppMain) refers to os.o(i.OS_Init) for OS_Init
    lab6.o(i.AppMain) refers to lab6.o(i.PortD_Init) for PortD_Init
    lab6.o(i.AppMain) refers to os.o(i.OS_AddThread) for OS_AddThread
    lab6.o(i.AppMain) refers to os.o(i.OS_Launch) for OS_Launch
    lab6.o(i.AppMain) refers to lab6.o(.data) for NumCreated
    lab6.o(i.AppMain) refers to lab6.o(i.Idle) for Idle
    lab6.o(i.AppMain) refers to pong.o(i.Pong) for Pong
    lab6.o(i.ButtonWork1) refers to os.o(i.OS_Id) for OS_Id
    lab6.o(i.ButtonWork1) refers to st7735.o(i.ST7735_Message) for ST7735_Message
    lab6.o(i.ButtonWork1) refers to os.o(i.OS_Kill) for OS_Kill
    lab6.o(i.ButtonWork1) refers to lab6.o(.data) for sequenceNum
    lab6.o(i.CANReceiveTask) refers to can0.o(i.CAN0_GetMail) for CAN0_GetMail
    lab6.o(i.CANReceiveTask) refers to st7735.o(i.ST7735_Message) for ST7735_Message
    lab6.o(i.CANReceiveTask) refers to lab6.o(.data) for RcvData
    lab6.o(i.CANSendTask) refers to can0.o(i.CAN0_SendData) for CAN0_SendData
    lab6.o(i.CANSendTask) refers to lab6.o(.data) for XmtData
    lab6.o(i.ConnectWifi) refers to esp8266.o(i.ESP8266_Init) for ESP8266_Init
    lab6.o(i.ConnectWifi) refers to st7735.o(i.ST7735_DrawString) for ST7735_DrawString
    lab6.o(i.ConnectWifi) refers to os.o(i.OS_Kill) for OS_Kill
    lab6.o(i.ConnectWifi) refers to esp8266.o(i.ESP8266_GetVersionNumber) for ESP8266_GetVersionNumber
    lab6.o(i.ConnectWifi) refers to esp8266.o(i.ESP8266_Connect) for ESP8266_Connect
    lab6.o(i.ConnectWifi) refers to os.o(i.OS_AddThread) for OS_AddThread
    lab6.o(i.ConnectWifi) refers to lab6.o(i.FetchWeather) for FetchWeather
    lab6.o(i.ConnectWifi) refers to lab6.o(.data) for NumCreated
    lab6.o(i.FetchWeather) refers to st7735.o(i.ST7735_DrawString) for ST7735_DrawString
    lab6.o(i.FetchWeather) refers to esp8266.o(i.ESP8266_GetStatus) for ESP8266_GetStatus
    lab6.o(i.FetchWeather) refers to esp8266.o(i.ESP8266_MakeTCPConnection) for ESP8266_MakeTCPConnection
    lab6.o(i.FetchWeather) refers to os.o(i.OS_Kill) for OS_Kill
    lab6.o(i.FetchWeather) refers to esp8266.o(i.ESP8266_Send) for ESP8266_Send
    lab6.o(i.FetchWeather) refers to esp8266.o(i.ESP8266_CloseTCPConnection) for ESP8266_CloseTCPConnection
    lab6.o(i.FetchWeather) refers to esp8266.o(i.ESP8266_Receive) for ESP8266_Receive
    lab6.o(i.FetchWeather) refers to strncmp.o(.text) for strncmp
    lab6.o(i.FetchWeather) refers to atol.o(.text) for atol
    lab6.o(i.FetchWeather) refers to strlen.o(.text) for strlen
    lab6.o(i.FetchWeather) refers to heap.o(i.Heap_Malloc) for Heap_Malloc
    lab6.o(i.FetchWeather) refers to strstr.o(.text) for strstr
    lab6.o(i.FetchWeather) refers to st7735.o(i.ST7735_Message) for ST7735_Message
    lab6.o(i.FetchWeather) refers to strchr.o(.text) for strchr
    lab6.o(i.FetchWeather) refers to heap.o(i.Heap_Free) for Heap_Free
    lab6.o(i.FetchWeather) refers to lab6.o(.data) for Running
    lab6.o(i.FetchWeather) refers to lab6.o(.constdata) for Fetch
    lab6.o(i.FetchWeather) refers to lab6.o(.bss) for Response
    lab6.o(i.HTTP_ServePage) refers to memcpya.o(.text) for __aeabi_memcpy4
    lab6.o(i.HTTP_ServePage) refers to strlen.o(.text) for strlen
    lab6.o(i.HTTP_ServePage) refers to printf4.o(i.__0sprintf$4) for __2sprintf
    lab6.o(i.HTTP_ServePage) refers to esp8266.o(i.ESP8266_SendBuffered) for ESP8266_SendBuffered
[...]
    ../clib/microlib/string/strcpy.c         0x00000000   Number         0  strcpy.o ABSOLUTE
    ../clib/microlib/string/strlen.c         0x00000000   Number         0  strlen.o ABSOLUTE
    ../clib/microlib/string/strncmp.c        0x00000000   Number         0  strncmp.o ABSOLUTE
    ../clib/microlib/string/strstr.c         0x00000000   Number         0  strstr.o ABSOLUTE
    ../clib/microlib/string/strtok.c         0x00000000   Number         0  strtok.o ABSOLUTE
    ../clib/microlib/string/strtok.c         0x00000000   Number         0  strtok_r.o ABSOLUTE
    ../clib/microlib/stubs.s                 0x00000000   Number         0  iusefp.o ABSOLUTE
    ../clib/scanf.c                          0x00000000   Number         0  _strtoul.o ABSOLUTE
    ../clib/scanf.c                          0x00000000   Number         0  atoi.o ABSOLUTE
    ../clib/scanf.c                          0x00000000   Number         0  strtol.o ABSOLUTE
    ../clib/scanf.c                          0x00000000   Number         0  _chval.o ABSOLUTE
    ../clib/scanf.c                          0x00000000   Number         0  atol.o ABSOLUTE
    ../fplib/microlib/fpadd.c                0x00000000   Number         0  dadd.o ABSOLUTE
    ../fplib/microlib/fpdiv.c                0x00000000   Number         0  ddiv.o ABSOLUTE
    ../fplib/microlib/fpepilogue.c           0x00000000   Number         0  depilogue.o ABSOLUTE
    ../fplib/microlib/fpfix.c                0x00000000   Number         0  dfixul.o ABSOLUTE
    ../fplib/microlib/fpmul.c                0x00000000   Number         0  dmul.o ABSOLUTE
    ..\RTOS_Labs_common\ADC.c                0x00000000   Number         0  adc.o ABSOLUTE
    ..\RTOS_Labs_common\Command.c            0x00000000   Number         0  command.o ABSOLUTE
    ..\RTOS_Labs_common\CommandExecute.c     0x00000000   Number         0  commandexecute.o ABSOLUTE
    ..\RTOS_Labs_common\Interpreter.c        0x00000000   Number         0  interpreter.o ABSOLUTE
    ..\RTOS_Labs_common\OS.c                 0x00000000   Number         0  os.o ABSOLUTE
    ..\RTOS_Labs_common\ST7735.c             0x00000000   Number         0  st7735.o ABSOLUTE
    ..\RTOS_Labs_common\Timer5A.c            0x00000000   Number         0  timer5a.o ABSOLUTE
    ..\RTOS_Labs_common\UART0int.c           0x00000000   Number         0  uart0int.o ABSOLUTE
    ..\RTOS_Labs_common\WTimer1A.c           0x00000000   Number         0  wtimer1a.o ABSOLUTE
    ..\RTOS_Labs_common\WTimer1B.c           0x00000000   Number         0  wtimer1b.o ABSOLUTE
    ..\RTOS_Labs_common\can0.c               0x00000000   Number         0  can0.o ABSOLUTE
    ..\RTOS_Labs_common\eDisk.c              0x00000000   Number         0  edisk.o ABSOLUTE
    ..\RTOS_Labs_common\esp8266.c            0x00000000   Number         0  esp8266.o ABSOLUTE
    ..\RTOS_Labs_common\heap.c               0x00000000   Number         0  heap.o ABSOLUTE
    ..\RTOS_Labs_common\osasm.s              0x00000000   Number         0  osasm.o ABSOLUTE
    ..\\driverlib\\cpu.c                     0x00000000   Number         0  cpu.o ABSOLUTE
    ..\driverlib\cpu.c                       0x00000000   Number         0  cpu.o ABSOLUTE
    ..\driverlib\interrupt.c                 0x00000000   Number         0  interrupt.o ABSOLUTE
    ..\inc\ADCSWTrigger.c                    0x00000000   Number         0  adcswtrigger.o ABSOLUTE
    ..\inc\ADCT0ATrigger.c                   0x00000000   Number         0  adct0atrigger.o ABSOLUTE
    ..\inc\IRDistance.c                      0x00000000   Number         0  irdistance.o ABSOLUTE
    ..\inc\LPF.c                             0x00000000   Number         0  lpf.o ABSOLUTE
    ..\inc\LaunchPad.c                       0x00000000   Number         0  launchpad.o ABSOLUTE
    ..\inc\PID_stm32.s                       0x00000000   Number         0  pid_stm32.o ABSOLUTE
    ..\inc\PLL.c                             0x00000000   Number         0  pll.o ABSOLUTE
    ..\inc\WTimer0A.c                        0x00000000   Number         0  wtimer0a.o ABSOLUTE
    ..\inc\can.c                             0x00000000   Number         0  can.o ABSOLUTE
    ..\inc\cr4_fft_64_stm32.s                0x00000000   Number         0  cr4_fft_64_stm32.o ABSOLUTE
    ..\src\Lab2.c                            0x00000000   Number         0  lab2.o ABSOLUTE
    ..\src\Lab3.c                            0x00000000   Number         0  lab3.o ABSOLUTE
    Lab6.c                                   0x00000000   Number         0  lab6.o ABSOLUTE
    Pong.c                                   0x00000000   Number         0  pong.o ABSOLUTE
    cdrcmple.s                               0x00000000   Number         0  cdrcmple.o ABSOLUTE
    dc.s                                     0x00000000   Number         0  dc.o ABSOLUTE
    eFile.c                                  0x00000000   Number         0  efile.o ABSOLUTE
    ff.c                                     0x00000000   Number         0  ff.o ABSOLUTE
    handlers.s                               0x00000000   Number         0  handlers.o ABSOLUTE
    init.s                                   0x00000000   Number         0  init.o ABSOLUTE
    loader.c                                 0x00000000   Number         0  loader.o ABSOLUTE
    startup.s                                0x00000000   Number         0  startup.o ABSOLUTE
    .ARM.Collect$$$$00000000                 0x00000284   Section        0  entry.o(.ARM.Collect$$$$00000000)
    .ARM.Collect$$$$00000001                 0x00000284   Section        4  entry2.o(.ARM.Collect$$$$00000001)
    .ARM.Collect$$$$00000004                 0x00000288   Section        4  entry5.o(.ARM.Collect$$$$00000004)
    .ARM.Collect$$$$00000008                 0x0000028c   Section        0  entry7b.o(.ARM.Collect$$$$00000008)
    .ARM.Collect$$$$0000000A                 0x0000028c   Section        0  entry8b.o(.ARM.Collect$$$$0000000A)
    .ARM.Collect$$$$0000000B                 0x0000028c   Section        8  entry9a.o(.ARM.Collect$$$$0000000B)
    .ARM.Collect$$$$0000000D                 0x00000294   Section        0  entry10a.o(.ARM.Collect$$$$0000000D)
    .ARM.Collect$$$$0000000F                 0x00000294   Section        0  entry11a.o(.ARM.Collect$$$$0000000F)
    .ARM.Collect$$$$00002712                 0x00000294   Section        4  entry2.o(.ARM.Collect$$$$00002712)
    __lit__00000000                          0x00000294   Data           4  entry2.o(.ARM.Collect$$$$00002712)
    .text                                    0x00000298   Section       28  startup.o(.text)
    .text                                    0x000002b4   Section      164  osasm.o(.text)
    Return                                   0x00000343   Thumb Code     0  osasm.o(.text)
    .text                                    0x00000358   Section        0  rand.o(.text)
    .text                                    0x0000037c   Section       36  init.o(.text)
    .text                                    0x000003a0   Section        0  __dczerorl.o(.text)
    i.ADC0Seq0_Handler                       0x000003dc   Section        0  adct0atrigger.o(i.ADC0Seq0_Handler)
    i.ADC0Seq3_Handler                       0x00000400   Section        0  adct0atrigger.o(i.ADC0Seq3_Handler)
    i.AppMain                                0x0000041c   Section        0  lab6.o(i.AppMain)
    i.BallReset                              0x00000470   Section        0  pong.o(i.BallReset)
    BallReset                                0x00000471   Thumb Code    80  pong.o(i.BallReset)
    i.CAN0_Handler                           0x000004c4   Section        0  can0.o(i.CAN0_Handler)
    i.CANDataRegRead                         0x0000054c   Section        0  can.o(i.CANDataRegRead)
    CANDataRegRead                           0x0000054d   Thumb Code    54  can.o(i.CANDataRegRead)
    i.CANIntClear                            0x00000582   Section        0  can.o(i.CANIntClear)
    i.CANIntNumberGet                        0x000005d4   Section        0  can.o(i.CANIntNumberGet)
    CANIntNumberGet                          0x000005d5   Thumb Code    34  can.o(i.CANIntNumberGet)
    i.CANIntStatus                           0x000005fc   Section        0  can.o(i.CANIntStatus)
    i.CANMessageGet                          0x00000638   Section        0  can.o(i.CANMessageGet)
    i.CANRegRead                             0x000007f0   Section        0  can.o(i.CANRegRead)
    CANRegRead                               0x000007f1   Thumb Code    72  can.o(i.CANRegRead)
    i.CANRegWrite                            0x0000083c   Section        0  can.o(i.CANRegWrite)
    CANRegWrite                              0x0000083d   Thumb Code    24  can.o(i.CANRegWrite)
    i.CANStatusGet                           0x00000854   Section        0  can.o(i.CANStatusGet)
    i.CS_Init                                0x000008d0   Section        0  edisk.o(i.CS_Init)
    i.CollisionCheck                         0x0000095c   Section        0  pong.o(i.CollisionCheck)
    CollisionCheck                           0x0000095d   Thumb Code   106  pong.o(i.CollisionCheck)
    i.Delay1ms                               0x000009c6   Section        0  st7735.o(i.Delay1ms)
    i.ESP8266BufferToTx                      0x000009e8   Section        0  esp8266.o(i.ESP8266BufferToTx)
    ESP8266BufferToTx                        0x000009e9   Thumb Code    58  esp8266.o(i.ESP8266BufferToTx)
    i.ESP8266Rx0Fifo_Put                     0x00000a30   Section        0  esp8266.o(i.ESP8266Rx0Fifo_Put)
    i.ESP8266RxFifo_Put                      0x00000a6c   Section        0  esp8266.o(i.ESP8266RxFifo_Put)
    i.ESP8266RxFifo_Size                     0x00000aa8   Section        0  esp8266.o(i.ESP8266RxFifo_Size)
    i.ESP8266RxToBuffer                      0x00000ac0   Section        0  esp8266.o(i.ESP8266RxToBuffer)
    ESP8266RxToBuffer                        0x00000ac1   Thumb Code    66  esp8266.o(i.ESP8266RxToBuffer)
    i.ESP8266TxFifo_Get                      0x00000b10   Section        0  esp8266.o(i.ESP8266TxFifo_Get)
    i.ESP8266TxFifo_Size                     0x00000b4c   Section        0  esp8266.o(i.ESP8266TxFifo_Size)
    i.GPIOPortF_Handler                      0x00000b64   Section        0  os.o(i.GPIOPortF_Handler)
    i.Heap_Free                              0x00000be8   Section        0  heap.o(i.Heap_Free)
    i.Heap_Init                              0x00000ca0   Section        0  heap.o(i.Heap_Init)
    i.Idle                                   0x00000cb8   Section        0  lab6.o(i.Idle)
    i.IntDisable                             0x00000ce4   Section        0  interrupt.o(i.IntDisable)
    i.IntEnable                              0x00000d58   Section        0  interrupt.o(i.IntEnable)
    i.LaunchPad_Init                         0x00000dcc   Section        0  launchpad.o(i.LaunchPad_Init)
    i.MoveBall                               0x00000e28   Section        0  pong.o(i.MoveBall)
    MoveBall                                 0x00000e29   Thumb Code   306  pong.o(i.MoveBall)
    i.OS_AddSW1Task                          0x00000f6c   Section        0  os.o(i.OS_AddSW1Task)
    i.OS_AddSW2Task                          0x00000fec   Section        0  os.o(i.OS_AddSW2Task)
    i.OS_AddThread                           0x0000104c   Section        0  os.o(i.OS_AddThread)
    i.OS_ClearMsTime                         0x00001114   Section        0  os.o(i.OS_ClearMsTime)
    i.OS_Id                                  0x00001120   Section        0  os.o(i.OS_Id)
    i.OS_Init                                0x00001130   Section        0  os.o(i.OS_Init)
    i.OS_InitSemaphore                       0x000011ac   Section        0  os.o(i.OS_InitSemaphore)
    i.OS_Kill                                0x000011b4   Section        0  os.o(i.OS_Kill)
    i.OS_Launch                              0x00001254   Section        0  os.o(i.OS_Launch)
    i.OS_Signal                              0x00001298   Section        0  os.o(i.OS_Signal)
    i.OS_Sleep                               0x000012d0   Section        0  os.o(i.OS_Sleep)
    i.OS_Suspend                             0x00001330   Section        0  os.o(i.OS_Suspend)
    i.OS_Time                                0x00001348   Section        0  os.o(i.OS_Time)
    i.OS_TimeDifference                      0x0000135c   Section        0  os.o(i.OS_TimeDifference)
    i.OS_Wait                                0x00001364   Section        0  os.o(i.OS_Wait)
    i.OS_bSignal                             0x000013e0   Section        0  os.o(i.OS_bSignal)
    i.OS_bWait                               0x000013ec   Section        0  os.o(i.OS_bWait)
    i.PLL_Init                               0x000013f8   Section        0  pll.o(i.PLL_Init)
    i.PaddleAI                               0x00001474   Section        0  pong.o(i.PaddleAI)
    PaddleAI                                 0x00001475   Thumb Code   182  pong.o(i.PaddleAI)
    i.PlayerLeft                             0x00001538   Section        0  pong.o(i.PlayerLeft)
    PlayerLeft                               0x00001539   Thumb Code    92  pong.o(i.PlayerLeft)
    i.PlayerRight                            0x00001598   Section        0  pong.o(i.PlayerRight)
    PlayerRight                              0x00001599   Thumb Code   104  pong.o(i.PlayerRight)
    i.Pong                                   0x00001604   Section        0  pong.o(i.Pong)
    i.PortD_Init                             0x000016c4   Section        0  lab6.o(i.PortD_Init)
    i.ReceiveDataFilter                      0x0000172c   Section        0  esp8266.o(i.ReceiveDataFilter)
    i.RxFifo_Init                            0x00001870   Section        0  uart0int.o(i.RxFifo_Init)
    i.RxFifo_Put                             0x00001884   Section        0  uart0int.o(i.RxFifo_Put)
    i.RxFifo_Size                            0x000018c0   Section        0  uart0int.o(i.RxFifo_Size)
    i.SSI0_Init                              0x000018d8   Section        0  edisk.o(i.SSI0_Init)
    i.ST7735_DrawCharS                       0x00001a24   Section        0  st7735.o(i.ST7735_DrawCharS)
    i.ST7735_DrawPixel                       0x00001b1c   Section        0  st7735.o(i.ST7735_DrawPixel)
    i.ST7735_DrawString                      0x00001b64   Section        0  st7735.o(i.ST7735_DrawString)
    i.ST7735_FillRect                        0x00001bbc   Section        0  st7735.o(i.ST7735_FillRect)
    i.ST7735_FillScreen                      0x00001c68   Section        0  st7735.o(i.ST7735_FillScreen)
    i.ST7735_InitR                           0x00001c8c   Section        0  st7735.o(i.ST7735_InitR)
    i.ST7735_OutChar                         0x00001d14   Section        0  st7735.o(i.ST7735_OutChar)
    i.ST7735_OutString                       0x00001de8   Section        0  st7735.o(i.ST7735_OutString)
    i.ST7735_OutUDec                         0x00001e00   Section        0  st7735.o(i.ST7735_OutUDec)
    i.ST7735_SetCursor                       0x00001e8c   Section        0  st7735.o(i.ST7735_SetCursor)
    i.Scheduler                              0x00001eac   Section        0  os.o(i.Scheduler)
    i.SetInitialStack                        0x00001ec0   Section        0  os.o(i.SetInitialStack)
    i.SysTick_Handler                        0x00001f3c   Section        0  os.o(i.SysTick_Handler)
    i.SysTick_Init                           0x00001f80   Section        0  os.o(i.SysTick_Init)
    i.Timer5A_Handler                        0x00001fa8   Section        0  timer5a.o(i.Timer5A_Handler)
    i.Timer5A_Init                           0x00001fc0   Section        0  timer5a.o(i.Timer5A_Init)
    i.TxFifo_Get                             0x00002020   Section        0  uart0int.o(i.TxFifo_Get)
    i.TxFifo_Init                            0x0000205c   Section        0  uart0int.o(i.TxFifo_Init)
    i.TxFifo_Put                             0x00002070   Section        0  uart0int.o(i.TxFifo_Put)
    i.TxFifo_Size                            0x000020ac   Section        0  uart0int.o(i.TxFifo_Size)
    i.UART0_Handler                          0x000020c4   Section        0  uart0int.o(i.UART0_Handler)
    i.UART2_Handler                          0x0000211c   Section        0  esp8266.o(i.UART2_Handler)
    i.UART_Init                              0x00002174   Section        0  uart0int.o(i.UART_Init)
    i.UART_OutChar                           0x00002254   Section        0  uart0int.o(i.UART_OutChar)
    i.UART_OutCharNonBlock                   0x0000228c   Section        0  uart0int.o(i.UART_OutCharNonBlock)
    i.UART_OutString                         0x000022c0   Section        0  uart0int.o(i.UART_OutString)
    i.UpdateScore                            0x000022d8   Section        0  pong.o(i.UpdateScore)
    UpdateScore                              0x000022d9   Thumb Code    78  pong.o(i.UpdateScore)
    i.WideTimer0A_Handler                    0x00002338   Section        0  wtimer0a.o(i.WideTimer0A_Handler)
    i.WideTimer0A_Init                       0x00002350   Section        0  wtimer0a.o(i.WideTimer0A_Init)
    i.WideTimer1A_Handler                    0x000023b4   Section        0  wtimer1a.o(i.WideTimer1A_Handler)
    i.WideTimer1B_Handler                    0x00002458   Section        0  wtimer1b.o(i.WideTimer1B_Handler)
    i.__scatterload_copy                     0x000024fc   Section       14  handlers.o(i.__scatterload_copy)
    i.__scatterload_null                     0x0000250a   Section        2  handlers.o(i.__scatterload_null)
    i.__scatterload_zeroinit                 0x0000250c   Section       14  handlers.o(i.__scatterload_zeroinit)
    i.addToActive                            0x0000251c   Section        0  os.o(i.addToActive)
    addToActive                              0x0000251d   Thumb Code   192  os.o(i.addToActive)
    i.check_fs                               0x000025e4   Section        0  ff.o(i.check_fs)
    check_fs                                 0x000025e5   Thumb Code   140  ff.o(i.check_fs)
    i.commandList                            0x00002674   Section        0  st7735.o(i.commandList)
    commandList                              0x00002675   Thumb Code    86  st7735.o(i.commandList)
    i.commonInit                             0x000026cc   Section        0  st7735.o(i.commonInit)
    commonInit                               0x000026cd   Thumb Code   346  st7735.o(i.commonInit)
    i.copyHardwareToSoftware                 0x00002858   Section        0  uart0int.o(i.copyHardwareToSoftware)
    copyHardwareToSoftware                   0x00002859   Thumb Code    46  uart0int.o(i.copyHardwareToSoftware)
    i.copySoftwareToHardware                 0x00002890   Section        0  uart0int.o(i.copySoftwareToHardware)
    copySoftwareToHardware                   0x00002891   Thumb Code    44  uart0int.o(i.copySoftwareToHardware)
    i.deselect                               0x000028c4   Section        0  edisk.o(i.deselect)
    deselect                                 0x000028c5   Thumb Code    16  edisk.o(i.deselect)
    i.eDisk_Init                             0x000028d8   Section        0  edisk.o(i.eDisk_Init)
    i.eDisk_Read                             0x00002a34   Section        0  edisk.o(i.eDisk_Read)
    i.eDisk_Status                           0x00002ac4   Section        0  edisk.o(i.eDisk_Status)
    i.eDisk_Write                            0x00002ad8   Section        0  edisk.o(i.eDisk_Write)
    i.eFile_Init                             0x00002b8c   Section        0  efile.o(i.eFile_Init)
    i.eFile_Mount                            0x00002b90   Section        0  efile.o(i.eFile_Mount)
    i.f_mount                                0x00002bc4   Section        0  ff.o(i.f_mount)
    i.fillmessage                            0x00002c20   Section        0  st7735.o(i.fillmessage)
    i.find_volume                            0x00002c68   Section        0  ff.o(i.find_volume)
    find_volume                              0x00002c69   Thumb Code   890  ff.o(i.find_volume)
    i.free                                   0x00002ff4   Section        0  malloc.o(i.free)
    i.get_ldnumber                           0x00003044   Section        0  ff.o(i.get_ldnumber)
    get_ldnumber                             0x00003045   Thumb Code    74  ff.o(i.get_ldnumber)
    i.inHeap                                 0x00003090   Section        0  heap.o(i.inHeap)
    i.incrementTime                          0x000030ac   Section        0  os.o(i.incrementTime)
    incrementTime                            0x000030ad   Thumb Code    22  os.o(i.incrementTime)
    i.init                                   0x000030cc   Section        0  pong.o(i.init)
    init                                     0x000030cd   Thumb Code   140  pong.o(i.init)
    i.init_spi                               0x00003160   Section        0  edisk.o(i.init_spi)
    init_spi                                 0x00003161   Thumb Code    32  edisk.o(i.init_spi)
    i.main                                   0x00003188   Section        0  lab6.o(i.main)
    i.malloc                                 0x00003194   Section        0  malloc.o(i.malloc)
    i.mergeWithBot                           0x00003200   Section        0  heap.o(i.mergeWithBot)
    i.move_window                            0x00003222   Section        0  ff.o(i.move_window)
    move_window                              0x00003223   Thumb Code    52  ff.o(i.move_window)
    i.pushColor                              0x00003256   Section        0  st7735.o(i.pushColor)
    pushColor                                0x00003257   Thumb Code    18  st7735.o(i.pushColor)
    i.rcvr_datablock                         0x00003268   Section        0  edisk.o(i.rcvr_datablock)
    rcvr_datablock                           0x00003269   Thumb Code    66  edisk.o(i.rcvr_datablock)
    i.rcvr_spi                               0x000032b0   Section        0  edisk.o(i.rcvr_spi)
    rcvr_spi                                 0x000032b1   Thumb Code    42  edisk.o(i.rcvr_spi)
    i.rcvr_spi_multi                         0x000032e0   Section        0  edisk.o(i.rcvr_spi_multi)
    rcvr_spi_multi                           0x000032e1   Thumb Code    24  edisk.o(i.rcvr_spi_multi)
    i.select                                 0x000032f8   Section        0  edisk.o(i.select)
    select                                   0x000032f9   Thumb Code    44  edisk.o(i.select)
    i.send_cmd                               0x00003328   Section        0  edisk.o(i.send_cmd)
    send_cmd                                 0x00003329   Thumb Code   150  edisk.o(i.send_cmd)
    i.setAddrWindow                          0x000033c0   Section        0  st7735.o(i.setAddrWindow)
    setAddrWindow                            0x000033c1   Thumb Code   106  st7735.o(i.setAddrWindow)
    i.sleepTask                              0x00003434   Section        0  os.o(i.sleepTask)
    sleepTask                                0x00003435   Thumb Code   122  os.o(i.sleepTask)
    i.sync_window                            0x000034b8   Section        0  ff.o(i.sync_window)
    sync_window                              0x000034b9   Thumb Code    82  ff.o(i.sync_window)
    i.unlinkNodeFromActive                   0x0000350c   Section        0  os.o(i.unlinkNodeFromActive)
    unlinkNodeFromActive                     0x0000350d   Thumb Code    60  os.o(i.unlinkNodeFromActive)
    i.validPointer                           0x00003550   Section        0  heap.o(i.validPointer)
    i.wait_ready                             0x00003584   Section        0  edisk.o(i.wait_ready)
    wait_ready                               0x00003585   Thumb Code    42  edisk.o(i.wait_ready)
    i.writecommand                           0x000035b4   Section        0  st7735.o(i.writecommand)
    writecommand                             0x000035b5   Thumb Code    68  st7735.o(i.writecommand)
    i.writedata                              0x00003604   Section        0  st7735.o(i.writedata)
    writedata                                0x00003605   Thumb Code    70  st7735.o(i.writedata)
    i.xchg_spi                               0x00003658   Section        0  edisk.o(i.xchg_spi)
    xchg_spi                                 0x00003659   Thumb Code    50  edisk.o(i.xchg_spi)
    i.xmit_datablock                         0x00003690   Section        0  edisk.o(i.xmit_datablock)
    xmit_datablock                           0x00003691   Thumb Code    76  edisk.o(i.xmit_datablock)
    i.xmit_spi_multi                         0x000036dc   Section        0  edisk.o(i.xmit_spi_multi)
    xmit_spi_multi                           0x000036dd   Thumb Code    42  edisk.o(i.xmit_spi_multi)
    .constdata                               0x0000370c   Section        8  os.o(.constdata)
    .constdata                               0x00003714   Section     2114  st7735.o(.constdata)
    Font                                     0x00003714   Data        1275  st7735.o(.constdata)
    Bcmd                                     0x00003c0f   Data         103  st7735.o(.constdata)
    Rcmd1                                    0x00003c76   Data          59  st7735.o(.constdata)
    Rcmd2green                               0x00003cb1   Data          13  st7735.o(.constdata)
    Rcmd2red                                 0x00003cbe   Data          13  st7735.o(.constdata)
    Rcmd3                                    0x00003ccb   Data          43  st7735.o(.constdata)
    .constdata                               0x00003f56   Section       54  esp8266.o(.constdata)
    ESP8266_READY_RESPONSE                   0x00003f56   Data          10  esp8266.o(.constdata)
    ESP8266_OK_RESPONSE                      0x00003f60   Data           7  esp8266.o(.constdata)
    ESP8266_ERROR_RESPONSE                   0x00003f67   Data          10  esp8266.o(.constdata)
    ESP8266_FAIL_RESPONSE                    0x00003f71   Data           9  esp8266.o(.constdata)
    ESP8266_SENDOK_RESPONSE                  0x00003f7a   Data          12  esp8266.o(.constdata)
    .constdata                               0x00003f8c   Section      268  interrupt.o(.constdata)
    g_pui32Priority                          0x00003f8c   Data          32  interrupt.o(.constdata)
    g_pui32Regs                              0x00003fac   Data         156  interrupt.o(.constdata)
    g_pui32EnRegs                            0x00004048   Data          20  interrupt.o(.constdata)
    g_pui32Dii16Regs                         0x0000405c   Data          20  interrupt.o(.constdata)
    g_pui32PendRegs                          0x00004070   Data          20  interrupt.o(.constdata)
    g_pui32UnpendRegs                        0x00004084   Data          20  interrupt.o(.constdata)
    .data                                    0x20000000   Section       44  lab6.o(.data)
    .data                                    0x2000002c   Section      101  os.o(.data)
    MsTime                                   0x2000004c   Data           4  os.o(.data)
    UntouchedTime                            0x20000050   Data           4  os.o(.data)
    systemTime                               0x20000054   Data           4  os.o(.data)
    LastTime1                                0x20000084   Data           4  os.o(.data)
    LastTime2                                0x20000088   Data           4  os.o(.data)
    pidCount                                 0x2000008c   Data           4  os.o(.data)
    periodicTasks                            0x20000090   Data           1  os.o(.data)
    .data                                    0x20000094   Section       44  st7735.o(.data)
    ColStart                                 0x2000009e   Data           1  st7735.o(.data)
    RowStart                                 0x2000009f   Data           1  st7735.o(.data)
    Rotation                                 0x200000a0   Data           1  st7735.o(.data)
    TabColor                                 0x200000a1   Data           1  st7735.o(.data)
    _width                                   0x200000a2   Data           2  st7735.o(.data)
    _height                                  0x200000a4   Data           2  st7735.o(.data)
    .data                                    0x200000c0   Section       16  uart0int.o(.data)
    .data                                    0x200000d0   Section       13  edisk.o(.data)
    Stat                                     0x200000d0   Data           1  edisk.o(.data)
    Timer1                                   0x200000d4   Data           4  edisk.o(.data)
    Timer2                                   0x200000d8   Data           4  edisk.o(.data)
    CardType                                 0x200000dc   Data           1  edisk.o(.data)
    .data                                    0x200000e0   Section        6  ff.o(.data)
    FatFs                                    0x200000e0   Data           4  ff.o(.data)
    Fsid                                     0x200000e4   Data           2  ff.o(.data)
    .data                                    0x200000e8   Section        8  adct0atrigger.o(.data)
    .data                                    0x200000f0   Section        4  wtimer0a.o(.data)
    .data                                    0x200000f4   Section       16  can0.o(.data)
    RCVData                                  0x200000fc   Data           4  can0.o(.data)
    MailFlag                                 0x20000100   Data           4  can0.o(.data)
    .data                                    0x20000104   Section       60  esp8266.o(.data)
    ReceiveDataSearchIndex                   0x20000128   Data           4  esp8266.o(.data)
    ReceiveDataState                         0x2000012c   Data           4  esp8266.o(.data)
    ReceiveDataStream                        0x20000130   Data           4  esp8266.o(.data)
    ReceiveDataLen                           0x20000134   Data           4  esp8266.o(.data)
    .data                                    0x20000140   Section        4  timer5a.o(.data)
    .data                                    0x20000144   Section       16  wtimer1a.o(.data)
    Period                                   0x20000148   Data           4  wtimer1a.o(.data)
    LastTime1                                0x2000014c   Data           4  wtimer1a.o(.data)
    work1                                    0x20000150   Data           4  wtimer1a.o(.data)
    .data                                    0x20000154   Section       16  wtimer1b.o(.data)
    Period                                   0x20000154   Data           4  wtimer1b.o(.data)
    LastTime2                                0x2000015c   Data           4  wtimer1b.o(.data)
    work2                                    0x20000160   Data           4  wtimer1b.o(.data)
    .data                                    0x20000164   Section        9  pong.o(.data)
    Score                                    0x20000164   Data           8  pong.o(.data)
    GameEnd                                  0x2000016c   Data           1  pong.o(.data)
    .data                                    0x20000170   Section        4  rand.o(.data)
    _rand_state                              0x20000170   Data           4  rand.o(.data)
    .data                                    0x20000174   Section        4  mvars.o(.data)
    .data                                    0x20000178   Section        4  mvars.o(.data)
    .bss                                     0x2000017c   Section     3832  os.o(.bss)
    OSFifo                                   0x2000085c   Data        2048  os.o(.bss)
    .bss                                     0x20001074   Section       24  st7735.o(.bss)
    .bss                                     0x2000108c   Section     2072  uart0int.o(.bss)
    RxFifo                                   0x2000108c   Data        1024  uart0int.o(.bss)
    TxFifo                                   0x2000148c   Data        1024  uart0int.o(.bss)
    .bss                                     0x200018a4   Section     1164  efile.o(.bss)
    g_sFatFs                                 0x200018a4   Data         564  efile.o(.bss)
    d                                        0x20001ad8   Data          28  efile.o(.bss)
    f                                        0x20001af4   Data         548  efile.o(.bss)
    fi                                       0x20001d18   Data          24  efile.o(.bss)
    .bss                                     0x20001d30   Section     2000  heap.o(.bss)
    Heap                                     0x20001d30   Data        2000  heap.o(.bss)
    .bss                                     0x20002500   Section     3108  esp8266.o(.bss)
    ESP8266RxFifo                            0x20002500   Data        1024  esp8266.o(.bss)
    ESP8266Rx0Fifo                           0x20002900   Data        1024  esp8266.o(.bss)
    ESP8266TxFifo                            0x20002d00   Data        1024  esp8266.o(.bss)
    .bss                                     0x20003124   Section       80  pong.o(.bss)
    ScoreMutex                               0x20003124   Data          12  pong.o(.bss)
    Win                                      0x20003130   Data          12  pong.o(.bss)
    HEAP                                     0x20003178   Section        0  startup.o(HEAP)
    STACK                                    0x20003178   Section     1024  startup.o(STACK)
    StackMem                                 0x20003178   Data           0  startup.o(STACK)

    Global Symbols

    Symbol Name                              Value     Ov Type        Size  Object(Section)

    BuildAttributes$$THM_ISAv4$E$P$D$K$B$S$7EM$PE$A:L22UL41UL21$X:L11$S22US41US21$IEEE1$IW$USESV6$~STKCKD$USESV7$~SHL$OSPACE$ROPI$EBA8$MICROLIB$REQ8$PRES8$EABIv2 0x00000000   Number         0  anon$$obj.o ABSOLUTE
    __ARM_use_no_argv                        0x00000000   Number         0  lab6.o ABSOLUTE
    __Vectors                                0x00000000   Data           0  startup.o(RESET)
    _printf_a                                0x00000000   Number         0  stubs.o ABSOLUTE
    _printf_c                                0x00000000   Number         0  stubs.o ABSOLUTE
    _printf_charcount                        0x00000000   Number         0  stubs.o ABSOLUTE
    _printf_d                                0x00000000   Number         0  stubs.o ABSOLUTE
    _printf_e                                0x00000000   Number         0  stubs.o ABSOLUTE
    _printf_f                                0x00000000   Number         0  stubs.o ABSOLUTE
    _printf_flags                            0x00000000   Number         0  stubs.o ABSOLUTE
    _printf_fp_dec                           0x00000000   Number         0  stubs.o ABSOLUTE
    _printf_fp_hex                           0x00000000   Number         0  stubs.o ABSOLUTE
    _printf_g                                0x00000000   Number         0  stubs.o ABSOLUTE
    _printf_i                                0x00000000   Number         0  stubs.o ABSOLUTE
    _printf_int_dec                          0x00000000   Number         0  stubs.o ABSOLUTE
    _printf_l                                0x00000000   Number         0  stubs.o ABSOLUTE
    _printf_lc                               0x00000000   Number         0  stubs.o ABSOLUTE
    _printf_ll                               0x00000000   Number         0  stubs.o ABSOLUTE
    _printf_lld                              0x00000000   Number         0  stubs.o ABSOLUTE
    _printf_lli                              0x00000000   Number         0  stubs.o ABSOLUTE
    _printf_llo                              0x00000000   Number         0  stubs.o ABSOLUTE
    _printf_llu                              0x00000000   Number         0  stubs.o ABSOLUTE
    _printf_llx                              0x00000000   Number         0  stubs.o ABSOLUTE
    _printf_longlong_dec                     0x00000000   Number         0  stubs.o ABSOLUTE
    _printf_longlong_hex                     0x00000000   Number         0  stubs.o ABSOLUTE
    _printf_longlong_oct                     0x00000000   Number         0  stubs.o ABSOLUTE
    _printf_ls                               0x00000000   Number         0  stubs.o ABSOLUTE
    _printf_mbtowc                           0x00000000   Number         0  stubs.o ABSOLUTE
    _printf_n                                0x00000000   Number         0  stubs.o ABSOLUTE
    _printf_o                                0x00000000   Number         0  stubs.o ABSOLUTE
    _printf_p                                0x00000000   Number         0  stubs.o ABSOLUTE
    _printf_percent                          0x00000000   Number         0  stubs.o ABSOLUTE
    _printf_pre_padding                      0x00000000   Number         0  stubs.o ABSOLUTE
    _printf_return_value                     0x00000000   Number         0  stubs.o ABSOLUTE
    _printf_s                                0x00000000   Number         0  stubs.o ABSOLUTE
    _printf_sizespec                         0x00000000   Number         0  stubs.o ABSOLUTE
    _printf_str                              0x00000000   Number         0  stubs.o ABSOLUTE
    _printf_truncate_signed                  0x00000000   Number         0  stubs.o ABSOLUTE
    _printf_truncate_unsigned                0x00000000   Number         0  stubs.o ABSOLUTE
    _printf_u                                0x00000000   Number         0  stubs.o ABSOLUTE
    _printf_wc                               0x00000000   Number         0  stubs.o ABSOLUTE
    _printf_wctomb                           0x00000000   Number         0  stubs.o ABSOLUTE
    _printf_widthprec                        0x00000000   Number         0  stubs.o ABSOLUTE
    _printf_x                                0x00000000   Number         0  stubs.o ABSOLUTE
    __cpp_initialize__aeabi_                  - Undefined Weak Reference
    __cxa_finalize                            - Undefined Weak Reference
    _clock_init                               - Undefined Weak Reference
    _microlib_exit                            - Undefined Weak Reference
    Reset_Handler                            0x0000026d   Thumb Code     0  startup.o(RESET)
    NMI_Handler                              0x00000271   Thumb Code     2  startup.o(RESET)
    HardFault_Handler                        0x00000273   Thumb Code     2  startup.o(RESET)
    MemManage_Handler                        0x00000275   Thumb Code     2  startup.o(RESET)
    BusFault_Handler                         0x00000277   Thumb Code     2  startup.o(RESET)
    UsageFault_Handler                       0x00000279   Thumb Code     2  startup.o(RESET)
    DebugMon_Handler                         0x0000027d   Thumb Code     2  startup.o(RESET)
    ADC0Seq1_Handler                         0x00000283   Thumb Code     0  startup.o(RESET)
    ADC0Seq2_Handler                         0x00000283   Thumb Code     0  startup.o(RESET)
    ADC1Seq0_Handler                         0x00000283   Thumb Code     0  startup.o(RESET)
    ADC1Seq1_Handler                         0x00000283   Thumb Code     0  startup.o(RESET)
    ADC1Seq2_Handler                         0x00000283   Thumb Code     0  startup.o(RESET)
    ADC1Seq3_Handler                         0x00000283   Thumb Code     0  startup.o(RESET)
    CAN1_Handler                             0x00000283   Thumb Code     0  startup.o(RESET)
    CAN2_Handler                             0x00000283   Thumb Code     0  startup.o(RESET)
    Comp0_Handler                            0x00000283   Thumb Code     0  startup.o(RESET)
    Comp1_Handler                            0x00000283   Thumb Code     0  startup.o(RESET)
    Comp2_Handler                            0x00000283   Thumb Code     0  startup.o(RESET)
    Ethernet_Handler                         0x00000283   Thumb Code     0  startup.o(RESET)
    ExtBus_Handler                           0x00000283   Thumb Code     0  startup.o(RESET)
    FPU_Handler                              0x00000283   Thumb Code     0  startup.o(RESET)
    Fan0_Handler                             0x00000283   Thumb Code     0  startup.o(RESET)
    FlashCtl_Handler                         0x00000283   Thumb Code     0  startup.o(RESET)
    GPIOPortA_Handler                        0x00000283   Thumb Code     0  startup.o(RESET)
    GPIOPortB_Handler                        0x00000283   Thumb Code     0  startup.o(RESET)
    GPIOPortC_Handler                        0x00000283   Thumb Code     0  startup.o(RESET)
    GPIOPortD_Handler                        0x00000283   Thumb Code     0  startup.o(RESET)
    GPIOPortE_Handler                        0x00000283   Thumb Code     0  startup.o(RESET)
    GPIOPortG_Handler                        0x00000283   Thumb Code     0  startup.o(RESET)
    GPIOPortH_Handler                        0x00000283   Thumb Code     0  startup.o(RESET)
    GPIOPortJ_Handler                        0x00000283   Thumb Code     0  startup.o(RESET)
    GPIOPortK_Handler                        0x00000283   Thumb Code     0  startup.o(RESET)
    GPIOPortL_Handler                        0x00000283   Thumb Code     0  startup.o(RESET)
    GPIOPortM_Handler                        0x00000283   Thumb Code     0  startup.o(RESET)
    GPIOPortN_Handler                        0x00000283   Thumb Code     0  startup.o(RESET)
    GPIOPortP1_Handler                       0x00000283   Thumb Code     0  startup.o(RESET)
    GPIOPortP2_Handler                       0x00000283   Thumb Code     0  startup.o(RESET)
    GPIOPortP3_Handler                       0x00000283   Thumb Code     0  startup.o(RESET)
    GPIOPortP4_Handler                       0x00000283   Thumb Code     0  startup.o(RESET)
    GPIOPortP5_Handler                       0x00000283   Thumb Code     0  startup.o(RESET)
    GPIOPortP6_Handler                       0x00000283   Thumb Code     0  startup.o(RESET)
    GPIOPortP7_Handler                       0x00000283   Thumb Code     0  startup.o(RESET)
    GPIOPortP_Handler                        0x00000283   Thumb Code     0  startup.o(RESET)
    GPIOPortQ1_Handler                       0x00000283   Thumb Code     0  startup.o(RESET)
    GPIOPortQ2_Handler                       0x00000283   Thumb Code     0  startup.o(RESET)
    GPIOPortQ3_Handler                       0x00000283   Thumb Code     0  startup.o(RESET)
    GPIOPortQ4_Handler                       0x00000283   Thumb Code     0  startup.o(RESET)
    GPIOPortQ5_Handler                       0x00000283   Thumb Code     0  startup.o(RESET)
    GPIOPortQ6_Handler                       0x00000283   Thumb Code     0  startup.o(RESET)
    GPIOPortQ7_Handler                       0x00000283   Thumb Code     0  startup.o(RESET)
    GPIOPortQ_Handler                        0x00000283   Thumb Code     0  startup.o(RESET)
    GPIOPortR_Handler                        0x00000283   Thumb Code     0  startup.o(RESET)
    GPIOPortS_Handler                        0x00000283   Thumb Code     0  startup.o(RESET)
    Hibernate_Handler                        0x00000283   Thumb Code     0  startup.o(RESET)
    I2C0_Handler                             0x00000283   Thumb Code     0  startup.o(RESET)
    I2C1_Handler                             0x00000283   Thumb Code     0  startup.o(RESET)
    I2C2_Handler                             0x00000283   Thumb Code     0  startup.o(RESET)
    I2C3_Handler                             0x00000283   Thumb Code     0  startup.o(RESET)
    I2C4_Handler                             0x00000283   Thumb Code     0  startup.o(RESET)
    I2C5_Handler                             0x00000283   Thumb Code     0  startup.o(RESET)
    I2S0_Handler                             0x00000283   Thumb Code     0  startup.o(RESET)
    LPC0_Handler                             0x00000283   Thumb Code     0  startup.o(RESET)
    PECI0_Handler                            0x00000283   Thumb Code     0  startup.o(RESET)
    PWM0Fault_Handler                        0x00000283   Thumb Code     0  startup.o(RESET)
    PWM0Generator0_Handler                   0x00000283   Thumb Code     0  startup.o(RESET)
    PWM0Generator1_Handler                   0x00000283   Thumb Code     0  startup.o(RESET)
    PWM0Generator2_Handler                   0x00000283   Thumb Code     0  startup.o(RESET)
    PWM0Generator3_Handler                   0x00000283   Thumb Code     0  startup.o(RESET)
    PWM1Fault_Handler                        0x00000283   Thumb Code     0  startup.o(RESET)
    PWM1Generator0_Handler                   0x00000283   Thumb Code     0  startup.o(RESET)
    PWM1Generator1_Handler                   0x00000283   Thumb Code     0  startup.o(RESET)
    PWM1Generator2_Handler                   0x00000283   Thumb Code     0  startup.o(RESET)
    PWM1Generator3_Handler                   0x00000283   Thumb Code     0  startup.o(RESET)
    Quadrature0_Handler                      0x00000283   Thumb Code     0  startup.o(RESET)
    Quadrature1_Handler                      0x00000283   Thumb Code     0  startup.o(RESET)
    Quadrature2_Handler                      0x00000283   Thumb Code     0  startup.o(RESET)
    SSI0_Handler                             0x00000283   Thumb Code     0  startup.o(RESET)
    SSI1_Handler                             0x00000283   Thumb Code     0  startup.o(RESET)
    SSI2_Handler                             0x00000283   Thumb Code     0  startup.o(RESET)
    SSI3_Handler                             0x00000283   Thumb Code     0  startup.o(RESET)
    SysCtl_Handler                           0x00000283   Thumb Code     0  startup.o(RESET)
    Timer0A_Handler                          0x00000283   Thumb Code     0  startup.o(RESET)
    Timer0B_Handler                          0x00000283   Thumb Code     0  startup.o(RESET)
    Timer1A_Handler                          0x00000283   Thumb Code     0  startup.o(RESET)
    Timer1B_Handler                          0x00000283   Thumb Code     0  startup.o(RESET)
    Timer2A_Handler                          0x00000283   Thumb Code     0  startup.o(RESET)
    Timer2B_Handler                          0x00000283   Thumb Code     0  startup.o(RESET)
    Timer3A_Handler                          0x00000283   Thumb Code     0  startup.o(RESET)
    Timer3B_Handler                          0x00000283   Thumb Code     0  startup.o(RESET)
    Timer4A_Handler                          0x00000283   Thumb Code     0  startup.o(RESET)
    Timer4B_Handler                          0x00000283   Thumb Code     0  startup.o(RESET)
    Timer5B_Handler                          0x00000283   Thumb Code     0  startup.o(RESET)
    UART1_Handler                            0x00000283   Thumb Code     0  startup.o(RESET)
    UART3_Handler                            0x00000283   Thumb Code     0  startup.o(RESET)
    UART4_Handler                            0x00000283   Thumb Code     0  startup.o(RESET)
    UART5_Handler                            0x00000283   Thumb Code     0  startup.o(RESET)
    UART6_Handler                            0x00000283   Thumb Code     0  startup.o(RESET)
    UART7_Handler                            0x00000283   Thumb Code     0  startup.o(RESET)
    USB0_Handler                             0x00000283   Thumb Code     0  startup.o(RESET)
    WDT_Handler                              0x00000283   Thumb Code     0  startup.o(RESET)
    WideTimer0B_Handler                      0x00000283   Thumb Code     0  startup.o(RESET)
    WideTimer2A_Handler                      0x00000283   Thumb Code     0  startup.o(RESET)
    WideTimer2B_Handler                      0x00000283   Thumb Code     0  startup.o(RESET)
    WideTimer3A_Handler                      0x00000283   Thumb Code     0  startup.o(RESET)
    WideTimer3B_Handler                      0x00000283   Thumb Code     0  startup.o(RESET)
    WideTimer4A_Handler                      0x00000283   Thumb Code     0  startup.o(RESET)
    WideTimer4B_Handler                      0x00000283   Thumb Code     0  startup.o(RESET)
    WideTimer5A_Handler                      0x00000283   Thumb Code     0  startup.o(RESET)
    WideTimer5B_Handler                      0x00000283   Thumb Code     0  startup.o(RESET)
    uDMA_Error                               0x00000283   Thumb Code     0  startup.o(RESET)
    uDMA_Handler                             0x00000283   Thumb Code     0  startup.o(RESET)
    __main                                   0x00000285   Thumb Code     0  entry.o(.ARM.Collect$$$$00000000)
    _main_stk                                0x00000285   Thumb Code     0  entry2.o(.ARM.Collect$$$$00000001)
    _main_scatterload                        0x00000289   Thumb Code     0  entry5.o(.ARM.Collect$$$$00000004)
    __main_after_scatterload                 0x0000028d   Thumb Code     0  entry5.o(.ARM.Collect$$$$00000004)
    _main_clock                              0x0000028d   Thumb Code     0  entry7b.o(.ARM.Collect$$$$00000008)
    _main_cpp_init                           0x0000028d   Thumb Code     0  entry8b.o(.ARM.Collect$$$$0000000A)
    _main_init                               0x0000028d   Thumb Code     0  entry9a.o(.ARM.Collect$$$$0000000B)
    __rt_final_cpp                           0x00000295   Thumb Code     0  entry10a.o(.ARM.Collect$$$$0000000D)
    __rt_final_exit                          0x00000295   Thumb Code     0  entry11a.o(.ARM.Collect$$$$0000000F)
    DisableInterrupts                        0x00000299   Thumb Code     0  startup.o(.text)
    EnableInterrupts                         0x0000029d   Thumb Code     0  startup.o(.text)
    StartCritical                            0x000002a1   Thumb Code     0  startup.o(.text)
    EndCritical                              0x000002a9   Thumb Code     0  startup.o(.text)
    WaitForInterrupt                         0x000002af   Thumb Code     0  startup.o(.text)
    StartOS                                  0x000002b5   Thumb Code     0  osasm.o(.text)
    ContextSwitch                            0x000002d5   Thumb Code     0  osasm.o(.text)
    PendSV_Handler                           0x000002df   Thumb Code     0  osasm.o(.text)
    SVC_Handler                              0x00000305   Thumb Code     0  osasm.o(.text)
    rand                                     0x00000359   Thumb Code    20  rand.o(.text)
    srand                                    0x0000036d   Thumb Code     6  rand.o(.text)
    __scatterload                            0x0000037d   Thumb Code    28  init.o(.text)
    __scatterload_rt2                        0x0000037d   Thumb Code     0  init.o(.text)
    __decompress                             0x000003a1   Thumb Code     0  __dczerorl.o(.text)
    __decompress0                            0x000003a1   Thumb Code    58  __dczerorl.o(.text)
    ADC0Seq0_Handler                         0x000003dd   Thumb Code    26  adct0atrigger.o(i.ADC0Seq0_Handler)
    ADC0Seq3_Handler                         0x00000401   Thumb Code    18  adct0atrigger.o(i.ADC0Seq3_Handler)
    AppMain                                  0x0000041d   Thumb Code    66  lab6.o(i.AppMain)
    CAN0_Handler                             0x000004c5   Thumb Code   118  can0.o(i.CAN0_Handler)
    CANIntClear                              0x00000583   Thumb Code    80  can.o(i.CANIntClear)
    CANIntStatus                             0x000005fd   Thumb Code    60  can.o(i.CANIntStatus)
    CANMessageGet                            0x00000639   Thumb Code   438  can.o(i.CANMessageGet)
    CANStatusGet                             0x00000855   Thumb Code   124  can.o(i.CANStatusGet)
    CS_Init                                  0x000008d1   Thumb Code   118  edisk.o(i.CS_Init)
    Delay1ms                                 0x000009c7   Thumb Code    32  st7735.o(i.Delay1ms)
    ESP8266Rx0Fifo_Put                       0x00000a31   Thumb Code    48  esp8266.o(i.ESP8266Rx0Fifo_Put)
    ESP8266RxFifo_Put                        0x00000a6d   Thumb Code    48  esp8266.o(i.ESP8266RxFifo_Put)
    ESP8266RxFifo_Size                       0x00000aa9   Thumb Code    14  esp8266.o(i.ESP8266RxFifo_Size)
    ESP8266TxFifo_Get                        0x00000b11   Thumb Code    46  esp8266.o(i.ESP8266TxFifo_Get)
    ESP8266TxFifo_Size                       0x00000b4d   Thumb Code    14  esp8266.o(i.ESP8266TxFifo_Size)
    GPIOPortF_Handler                        0x00000b65   Thumb Code   112  os.o(i.GPIOPortF_Handler)
    Heap_Free                                0x00000be9   Thumb Code   184  heap.o(i.Heap_Free)
    Heap_Init                                0x00000ca1   Thumb Code    14  heap.o(i.Heap_Init)
    Idle                                     0x00000cb9   Thumb Code    36  lab6.o(i.Idle)
    IntDisable                               0x00000ce5   Thumb Code   108  interrupt.o(i.IntDisable)
    IntEnable                                0x00000d59   Thumb Code   108  interrupt.o(i.IntEnable)
    LaunchPad_Init                           0x00000dcd   Thumb Code    70  launchpad.o(i.LaunchPad_Init)
    OS_AddSW1Task                            0x00000f6d   Thumb Code   108  os.o(i.OS_AddSW1Task)
    OS_AddSW2Task                            0x00000fed   Thumb Code    84  os.o(i.OS_AddSW2Task)
    OS_AddThread                             0x0000104d   Thumb Code   190  os.o(i.OS_AddThread)
    OS_ClearMsTime                           0x00001115   Thumb Code     8  os.o(i.OS_ClearMsTime)
    OS_Id                                    0x00001121   Thumb Code    10  os.o(i.OS_Id)
    OS_Init                                  0x00001131   Thumb Code    92  os.o(i.OS_Init)
    OS_InitSemaphore                         0x000011ad   Thumb Code     8  os.o(i.OS_InitSemaphore)
    OS_Kill                                  0x000011b5   Thumb Code   152  os.o(i.OS_Kill)
    OS_Launch                                0x00001255   Thumb Code    56  os.o(i.OS_Launch)
    OS_Signal                                0x00001299   Thumb Code    54  os.o(i.OS_Signal)
    OS_Sleep                                 0x000012d1   Thumb Code    84  os.o(i.OS_Sleep)
    OS_Suspend                               0x00001331   Thumb Code    18  os.o(i.OS_Suspend)
    OS_Time                                  0x00001349   Thumb Code    10  os.o(i.OS_Time)
    OS_TimeDifference                        0x0000135d   Thumb Code     6  os.o(i.OS_TimeDifference)
    OS_Wait                                  0x00001365   Thumb Code   120  os.o(i.OS_Wait)
    OS_bSignal                               0x000013e1   Thumb Code    12  os.o(i.OS_bSignal)
    OS_bWait                                 0x000013ed   Thumb Code    12  os.o(i.OS_bWait)
    PLL_Init                                 0x000013f9   Thumb Code   120  pll.o(i.PLL_Init)
    Pong                                     0x00001605   Thumb Code   130  pong.o(i.Pong)
    PortD_Init                               0x000016c5   Thumb Code    88  lab6.o(i.PortD_Init)
    ReceiveDataFilter                        0x0000172d   Thumb Code   290  esp8266.o(i.ReceiveDataFilter)
    RxFifo_Init                              0x00001871   Thumb Code    12  uart0int.o(i.RxFifo_Init)
    RxFifo_Put                               0x00001885   Thumb Code    48  uart0int.o(i.RxFifo_Put)
    RxFifo_Size                              0x000018c1   Thumb Code    14  uart0int.o(i.RxFifo_Size)
    SSI0_Init                                0x000018d9   Thumb Code   302  edisk.o(i.SSI0_Init)
    ST7735_DrawCharS                         0x00001a25   Thumb Code   236  st7735.o(i.ST7735_DrawCharS)
    ST7735_DrawPixel                         0x00001b1d   Thumb Code    64  st7735.o(i.ST7735_DrawPixel)
    ST7735_DrawString                        0x00001b65   Thumb Code    86  st7735.o(i.ST7735_DrawString)
    ST7735_FillRect                          0x00001bbd   Thumb Code   164  st7735.o(i.ST7735_FillRect)
    ST7735_FillScreen                        0x00001c69   Thumb Code    28  st7735.o(i.ST7735_FillScreen)
    ST7735_InitR                             0x00001c8d   Thumb Code    98  st7735.o(i.ST7735_InitR)
    ST7735_OutChar                           0x00001d15   Thumb Code   176  st7735.o(i.ST7735_OutChar)
    ST7735_OutString                         0x00001de9   Thumb Code    24  st7735.o(i.ST7735_OutString)
    ST7735_OutUDec                           0x00001e01   Thumb Code   118  st7735.o(i.ST7735_OutUDec)
    ST7735_SetCursor                         0x00001e8d   Thumb Code    22  st7735.o(i.ST7735_SetCursor)
    Scheduler                                0x00001ead   Thumb Code    10  os.o(i.Scheduler)
    SetInitialStack                          0x00001ec1   Thumb Code   124  os.o(i.SetInitialStack)
    SysTick_Handler                          0x00001f3d   Thumb Code    48  os.o(i.SysTick_Handler)
    SysTick_Init                             0x00001f81   Thumb Code    38  os.o(i.SysTick_Init)
    Timer5A_Handler                          0x00001fa9   Thumb Code    16  timer5a.o(i.Timer5A_Handler)
    Timer5A_Init                             0x00001fc1   Thumb Code    76  timer5a.o(i.Timer5A_Init)
    TxFifo_Get                               0x00002021   Thumb Code    46  uart0int.o(i.TxFifo_Get)
    TxFifo_Init                              0x0000205d   Thumb Code    12  uart0int.o(i.TxFifo_Init)
    TxFifo_Put                               0x00002071   Thumb Code    48  uart0int.o(i.TxFifo_Put)
    TxFifo_Size                              0x000020ad   Thumb Code    14  uart0int.o(i.TxFifo_Size)
    UART0_Handler                            0x000020c5   Thumb Code    82  uart0int.o(i.UART0_Handler)
    UART2_Handler                            0x0000211d   Thumb Code    82  esp8266.o(i.UART2_Handler)
    UART_Init                                0x00002175   Thumb Code   192  uart0int.o(i.UART_Init)
    UART_OutChar                             0x00002255   Thumb Code    46  uart0int.o(i.UART_OutChar)
    UART_OutCharNonBlock                     0x0000228d   Thumb Code    46  uart0int.o(i.UART_OutCharNonBlock)
    UART_OutString                           0x000022c1   Thumb Code    24  uart0int.o(i.UART_OutString)
    WideTimer0A_Handler                      0x00002339   Thumb Code    16  wtimer0a.o(i.WideTimer0A_Handler)
    WideTimer0A_Init                         0x00002351   Thumb Code    78  wtimer0a.o(i.WideTimer0A_Init)
    WideTimer1A_Handler                      0x000023b5   Thumb Code   130  wtimer1a.o(i.WideTimer1A_Handler)
    WideTimer1B_Handler                      0x00002459   Thumb Code   132  wtimer1b.o(i.WideTimer1B_Handler)
    __scatterload_copy                       0x000024fd   Thumb Code    14  handlers.o(i.__scatterload_copy)
    __scatterload_null                       0x0000250b   Thumb Code     2  handlers.o(i.__scatterload_null)
    __scatterload_zeroinit                   0x0000250d   Thumb Code    14  handlers.o(i.__scatterload_zeroinit)
    eDisk_Init                               0x000028d9   Thumb Code   330  edisk.o(i.eDisk_Init)
    eDisk_Read                               0x00002a35   Thumb Code   136  edisk.o(i.eDisk_Read)
    eDisk_Status                             0x00002ac5   Thumb Code    14  edisk.o(i.eDisk_Status)
    eDisk_Write                              0x00002ad9   Thumb Code   170  edisk.o(i.eDisk_Write)
    eFile_Init                               0x00002b8d   Thumb Code     4  efile.o(i.eFile_Init)
    eFile_Mount                              0x00002b91   Thumb Code    40  efile.o(i.eFile_Mount)
    f_mount                                  0x00002bc5   Thumb Code    86  ff.o(i.f_mount)
    fillmessage                              0x00002c21   Thumb Code    64  st7735.o(i.fillmessage)
    free                                     0x00002ff5   Thumb Code    76  malloc.o(i.free)
    inHeap                                   0x00003091   Thumb Code    24  heap.o(i.inHeap)
    main                                     0x00003189   Thumb Code    10  lab6.o(i.main)
    malloc                                   0x00003195   Thumb Code    92  malloc.o(i.malloc)
    mergeWithBot                             0x00003201   Thumb Code    34  heap.o(i.mergeWithBot)
    validPointer                             0x00003551   Thumb Code    48  heap.o(i.validPointer)
    JitterSize                               0x0000370c   Data           4  os.o(.constdata)
    JitterSize2                              0x00003710   Data           4  os.o(.constdata)
    smallCircle                              0x00003cf6   Data          36  st7735.o(.constdata)
    circle                                   0x00003d1a   Data          60  st7735.o(.constdata)
    dBfs                                     0x00003d56   Data         512  st7735.o(.constdata)
    ReceiveDataSearchString                  0x00003f86   Data           6  esp8266.o(.constdata)
    Region$$Table$$Base                      0x00004098   Number         0  anon$$obj.o(Region$$Table)
    Region$$Table$$Limit                     0x000040b8   Number         0  anon$$obj.o(Region$$Table)
    IntTerm                                  0x20000000   Data           2  lab6.o(.data)
    PrevError                                0x20000002   Data           2  lab6.o(.data)
    NumCreated                               0x20000004   Data           4  lab6.o(.data)
    IdleCount                                0x20000008   Data           4  lab6.o(.data)
    Count1                                   0x2000000c   Data           4  lab6.o(.data)
    Count2                                   0x20000010   Data           4  lab6.o(.data)
    Count3                                   0x20000014   Data           4  lab6.o(.data)
    XmtData                                  0x20000018   Data           4  lab6.o(.data)
    RcvData                                  0x2000001c   Data           4  lab6.o(.data)
    RcvCount                                 0x20000020   Data           4  lab6.o(.data)
    sequenceNum                              0x20000024   Data           1  lab6.o(.data)
    Running                                  0x20000028   Data           4  lab6.o(.data)
    MaxJitter                                0x2000002c   Data           4  os.o(.data)
    MaxJitter2                               0x20000030   Data           4  os.o(.data)
    Period1                                  0x20000034   Data           4  os.o(.data)
    Period2                                  0x20000038   Data           4  os.o(.data)
    ActiveHead                               0x2000003c   Data           4  os.o(.data)
    ActiveFoot                               0x20000040   Data           4  os.o(.data)
    RunPt                                    0x20000044   Data           4  os.o(.data)
    SleepHead                                0x20000048   Data           4  os.o(.data)
    Mailbox                                  0x20000058   Data           4  os.o(.data)
    GreatestTime                             0x2000005c   Data           4  os.o(.data)
    work2                                    0x20000060   Data           4  os.o(.data)
    work1                                    0x20000064   Data           4  os.o(.data)
    numThreads                               0x20000068   Data           4  os.o(.data)
    PF4task                                  0x2000006c   Data           4  os.o(.data)
    PF0task                                  0x20000070   Data           4  os.o(.data)
    PF4Priority                              0x20000074   Data           1  os.o(.data)
    PF0Priority                              0x20000075   Data           1  os.o(.data)
    OSPutI                                   0x20000078   Data           4  os.o(.data)
    OSGetI                                   0x2000007c   Data           4  os.o(.data)
    StreamToDevice                           0x20000080   Data           4  os.o(.data)
    StX                                      0x20000094   Data           4  st7735.o(.data)
    StY                                      0x20000098   Data           4  st7735.o(.data)
    StTextColor                              0x2000009c   Data           2  st7735.o(.data)
    Messageindex                             0x200000a8   Data           4  st7735.o(.data)
    Ymax                                     0x200000ac   Data           4  st7735.o(.data)
    Ymin                                     0x200000b0   Data           4  st7735.o(.data)
    X                                        0x200000b4   Data           4  st7735.o(.data)
    Yrange                                   0x200000b8   Data           4  st7735.o(.data)
    lastj                                    0x200000bc   Data           4  st7735.o(.data)
    RxPutI                                   0x200000c0   Data           4  uart0int.o(.data)
    RxGetI                                   0x200000c4   Data           4  uart0int.o(.data)
    TxPutI                                   0x200000c8   Data           4  uart0int.o(.data)
    TxGetI                                   0x200000cc   Data           4  uart0int.o(.data)
    ADCTask                                  0x200000e8   Data           4  adct0atrigger.o(.data)
    PD3data                                  0x200000ec   Data           4  adct0atrigger.o(.data)
    WidePeriodicTask0                        0x200000f0   Data           4  wtimer0a.o(.data)
    RCV_ID                                   0x200000f4   Data           4  can0.o(.data)
    XMT_ID                                   0x200000f8   Data           4  can0.o(.data)
    ESP8266_EchoResponse                     0x20000104   Data           1  esp8266.o(.data)
    ESP8266_EchoCommand                      0x20000105   Data           1  esp8266.o(.data)
    ESP8266RxPutI                            0x20000108   Data           4  esp8266.o(.data)
    ESP8266RxGetI                            0x2000010c   Data           4  esp8266.o(.data)
    ESP8266Rx0PutI                           0x20000110   Data           4  esp8266.o(.data)
    ESP8266Rx0GetI                           0x20000114   Data           4  esp8266.o(.data)
    ESP8266TxPutI                            0x20000118   Data           4  esp8266.o(.data)
    ESP8266TxGetI                            0x2000011c   Data           4  esp8266.o(.data)
    ESP8266_Server                           0x20000120   Data           2  esp8266.o(.data)
    ESP8266_ConnectionMux                    0x20000122   Data           2  esp8266.o(.data)
    ESP8266_Segment                          0x20000124   Data           2  esp8266.o(.data)
    ESP8266_DataAvailable                    0x20000138   Data           4  esp8266.o(.data)
    ESP8266_DataLoss                         0x2000013c   Data           4  esp8266.o(.data)
    PeriodicTask5                            0x20000140   Data           4  timer5a.o(.data)
    WidePeriodicTask1                        0x20000144   Data           4  wtimer1a.o(.data)
    WidePeriodicTask1b                       0x20000158   Data           4  wtimer1b.o(.data)
    __microlib_freelist                      0x20000174   Data           4  mvars.o(.data)
    __microlib_freelist_initialised          0x20000178   Data           4  mvars.o(.data)
    JitterHistogram1                         0x2000017c   Data         256  os.o(.bss)
    JitterHistogram2                         0x2000027c   Data         256  os.o(.bss)
    BoxFree                                  0x2000037c   Data          12  os.o(.bss)
    DataValid                                0x20000388   Data          12  os.o(.bss)
    dump                                     0x20000394   Data        1200  os.o(.bss)
    PF4Set                                   0x20000844   Data          12  os.o(.bss)
    PF0Set                                   0x20000850   Data          12  os.o(.bss)
    DataAvailable                            0x2000105c   Data          12  os.o(.bss)
    Mutex                                    0x20001068   Data          12  os.o(.bss)
    LCDFree                                  0x20001074   Data          12  st7735.o(.bss)
    Message                                  0x20001080   Data          12  st7735.o(.bss)
    UART0RxSema                              0x2000188c   Data          12  uart0int.o(.bss)
    UART0TxSema                              0x20001898   Data          12  uart0int.o(.bss)
    ESP8266Rx                                0x20003100   Data          12  esp8266.o(.bss)
    ESP8266Rx0                               0x2000310c   Data          12  esp8266.o(.bss)
    ESP8266Tx                                0x20003118   Data          12  esp8266.o(.bss)
    Ball                                     0x2000313c   Data          24  pong.o(.bss)
    Paddles                                  0x20003154   Data          32  pong.o(.bss)
    __heap_base                              0x20003178   Data           0  startup.o(HEAP)
    __heap_limit                             0x20003178   Data           0  startup.o(HEAP)
    __initial_sp                             0x20003578   Data           0  startup.o(STACK)



==============================================================================

Memory Map of the image

  Image Entry point : 0x0000026d

  Load Region LR_1 (Base: 0x00000000, Size: 0x00004234, Max: 0xffffffff, ABSOLUTE, COMPRESSED[0x000040d0])

    Execution Region ER_RO (Exec base: 0x00000000, Load base: 0x00000000, Size: 0x000040b8, Max: 0xffffffff, ABSOLUTE)

    Exec Addr    Load Addr    Size         Type   Attr      Idx    E Section Name        Object

    0x00000000   0x00000000   0x00000284   Code   RO            3  * RESET               startup.o
    0x00000284   0x00000284   0x00000000   Code   RO         3909  * .ARM.Collect$$$$00000000  mc_w.l(entry.o)
    0x00000284   0x00000284   0x00000004   Code   RO         4232    .ARM.Collect$$$$00000001  mc_w.l(entry2.o)
    0x00000288   0x00000288   0x00000004   Code   RO         4235    .ARM.Collect$$$$00000004  mc_w.l(entry5.o)
    0x0000028c   0x0000028c   0x00000000   Code   RO         4237    .ARM.Collect$$$$00000008  mc_w.l(entry7b.o)
    0x0000028c   0x0000028c   0x00000000   Code   RO         4239    .ARM.Collect$$$$0000000A  mc_w.l(entry8b.o)
    0x0000028c   0x0000028c   0x00000008   Code   RO         4240    .ARM.Collect$$$$0000000B  mc_w.l(entry9a.o)
    0x00000294   0x00000294   0x00000000   Code   RO         4242    .ARM.Collect$$$$0000000D  mc_w.l(entry10a.o)
    0x00000294   0x00000294   0x00000000   Code   RO         4244    .ARM.Collect$$$$0000000F  mc_w.l(entry11a.o)
    0x00000294   0x00000294   0x00000004   Code   RO         4233    .ARM.Collect$$$$00002712  mc_w.l(entry2.o)
    0x00000298   0x00000298   0x0000001c   Code   RO            4    .text               startup.o
    0x000002b4   0x000002b4   0x000000a4   Code   RO         1736    .text               osasm.o
    0x00000358   0x00000358   0x00000024   Code   RO         3912    .text               mc_w.l(rand.o)
    0x0000037c   0x0000037c   0x00000024   Code   RO         4273    .text               mc_w.l(init.o)
    0x000003a0   0x000003a0   0x0000003a   Code   RO         4323    .text               mc_w.l(__dczerorl.o)
    0x000003da   0x000003da   0x00000002   PAD
    0x000003dc   0x000003dc   0x00000024   Code   RO         1739    i.ADC0Seq0_Handler  adct0atrigger.o
    0x00000400   0x00000400   0x0000001c   Code   RO         1740    i.ADC0Seq3_Handler  adct0atrigger.o
    0x0000041c   0x0000041c   0x00000054   Code   RO           81    i.AppMain           lab6.o
    0x00000470   0x00000470   0x00000054   Code   RO         3197    i.BallReset         pong.o
    0x000004c4   0x000004c4   0x00000088   Code   RO         2495    i.CAN0_Handler      can0.o
    0x0000054c   0x0000054c   0x00000036   Code   RO         2331    i.CANDataRegRead    can.o
    0x00000582   0x00000582   0x00000050   Code   RO         2337    i.CANIntClear       can.o
    0x000005d2   0x000005d2   0x00000002   PAD
    0x000005d4   0x000005d4   0x00000028   Code   RO         2340    i.CANIntNumberGet   can.o
    0x000005fc   0x000005fc   0x0000003c   Code   RO         2342    i.CANIntStatus      can.o
    0x00000638   0x00000638   0x000001b6   Code   RO         2345    i.CANMessageGet     can.o
    0x000007ee   0x000007ee   0x00000002   PAD
    0x000007f0   0x000007f0   0x0000004c   Code   RO         2347    i.CANRegRead        can.o
    0x0000083c   0x0000083c   0x00000018   Code   RO         2348    i.CANRegWrite       can.o
    0x00000854   0x00000854   0x0000007c   Code   RO         2351    i.CANStatusGet      can.o
    0x000008d0   0x000008d0   0x0000008c   Code   RO         1206    i.CS_Init           edisk.o
    0x0000095c   0x0000095c   0x0000006a   Code   RO         3198    i.CollisionCheck    pong.o
    0x000009c6   0x000009c6   0x00000020   Code   RO          655    i.Delay1ms          st7735.o
    0x000009e6   0x000009e6   0x00000002   PAD
    0x000009e8   0x000009e8   0x00000048   Code   RO         2570    i.ESP8266BufferToTx  esp8266.o
    0x00000a30   0x00000a30   0x0000003c   Code   RO         2573    i.ESP8266Rx0Fifo_Put  esp8266.o
    0x00000a6c   0x00000a6c   0x0000003c   Code   RO         2577    i.ESP8266RxFifo_Put  esp8266.o
    0x00000aa8   0x00000aa8   0x00000018   Code   RO         2578    i.ESP8266RxFifo_Size  esp8266.o
    0x00000ac0   0x00000ac0   0x00000050   Code   RO         2579    i.ESP8266RxToBuffer  esp8266.o
    0x00000b10   0x00000b10   0x0000003c   Code   RO         2580    i.ESP8266TxFifo_Get  esp8266.o
    0x00000b4c   0x00000b4c   0x00000018   Code   RO         2583    i.ESP8266TxFifo_Size  esp8266.o
    0x00000b64   0x00000b64   0x00000084   Code   RO          293    i.GPIOPortF_Handler  os.o
    0x00000be8   0x00000be8   0x000000b8   Code   RO         2080    i.Heap_Free         heap.o
    0x00000ca0   0x00000ca0   0x00000018   Code   RO         2081    i.Heap_Init         heap.o
    0x00000cb8   0x00000cb8   0x0000002c   Code   RO           88    i.Idle              lab6.o
    0x00000ce4   0x00000ce4   0x00000074   Code   RO         2896    i.IntDisable        interrupt.o
    0x00000d58   0x00000d58   0x00000074   Code   RO         2897    i.IntEnable         interrupt.o
    0x00000dcc   0x00000dcc   0x0000005c   Code   RO           13    i.LaunchPad_Init    launchpad.o
    0x00000e28   0x00000e28   0x00000144   Code   RO         3199    i.MoveBall          pong.o
    0x00000f6c   0x00000f6c   0x00000080   Code   RO          296    i.OS_AddSW1Task     os.o
    0x00000fec   0x00000fec   0x00000060   Code   RO          297    i.OS_AddSW2Task     os.o
    0x0000104c   0x0000104c   0x000000c8   Code   RO          298    i.OS_AddThread      os.o
    0x00001114   0x00001114   0x0000000c   Code   RO          299    i.OS_ClearMsTime    os.o
    0x00001120   0x00001120   0x00000010   Code   RO          305    i.OS_Id             os.o
    0x00001130   0x00001130   0x0000007c   Code   RO          306    i.OS_Init           os.o
    0x000011ac   0x000011ac   0x00000008   Code   RO          307    i.OS_InitSemaphore  os.o
    0x000011b4   0x000011b4   0x000000a0   Code   RO          309    i.OS_Kill           os.o
    0x00001254   0x00001254   0x00000044   Code   RO          310    i.OS_Launch         os.o
    0x00001298   0x00001298   0x00000036   Code   RO          319    i.OS_Signal         os.o
    0x000012ce   0x000012ce   0x00000002   PAD
    0x000012d0   0x000012d0   0x00000060   Code   RO          320    i.OS_Sleep          os.o
    0x00001330   0x00001330   0x00000018   Code   RO          321    i.OS_Suspend        os.o
    0x00001348   0x00001348   0x00000014   Code   RO          322    i.OS_Time           os.o
    0x0000135c   0x0000135c   0x00000006   Code   RO          323    i.OS_TimeDifference  os.o
    0x00001362   0x00001362   0x00000002   PAD
    0x00001364   0x00001364   0x0000007c   Code   RO          327    i.OS_Wait           os.o
    0x000013e0   0x000013e0   0x0000000c   Code   RO          328    i.OS_bSignal        os.o
    0x000013ec   0x000013ec   0x0000000c   Code   RO          329    i.OS_bWait          os.o
    0x000013f8   0x000013f8   0x0000007c   Code   RO           66    i.PLL_Init          pll.o
    0x00001474   0x00001474   0x000000c4   Code   RO         3200    i.PaddleAI          pong.o
    0x00001538   0x00001538   0x00000060   Code   RO         3201    i.PlayerLeft        pong.o
    0x00001598   0x00001598   0x0000006c   Code   RO         3202    i.PlayerRight       pong.o
    0x00001604   0x00001604   0x000000c0   Code   RO         3203    i.Pong              pong.o
    0x000016c4   0x000016c4   0x00000068   Code   RO           89    i.PortD_Init        lab6.o
    0x0000172c   0x0000172c   0x00000144   Code   RO         2618    i.ReceiveDataFilter  esp8266.o
    0x00001870   0x00001870   0x00000014   Code   RO         1044    i.RxFifo_Init       uart0int.o
    0x00001884   0x00001884   0x0000003c   Code   RO         1045    i.RxFifo_Put        uart0int.o
    0x000018c0   0x000018c0   0x00000018   Code   RO         1046    i.RxFifo_Size       uart0int.o
    0x000018d8   0x000018d8   0x0000014c   Code   RO         1207    i.SSI0_Init         edisk.o
    0x00001a24   0x00001a24   0x000000f8   Code   RO          659    i.ST7735_DrawCharS  st7735.o
    0x00001b1c   0x00001b1c   0x00000048   Code   RO          663    i.ST7735_DrawPixel  st7735.o
    0x00001b64   0x00001b64   0x00000056   Code   RO          665    i.ST7735_DrawString  st7735.o
    0x00001bba   0x00001bba   0x00000002   PAD
    0x00001bbc   0x00001bbc   0x000000ac   Code   RO          666    i.ST7735_FillRect   st7735.o
    0x00001c68   0x00001c68   0x00000024   Code   RO          667    i.ST7735_FillScreen  st7735.o
    0x00001c8c   0x00001c8c   0x00000088   Code   RO          669    i.ST7735_InitR      st7735.o
    0x00001d14   0x00001d14   0x000000d4   Code   RO          672    i.ST7735_OutChar    st7735.o
    0x00001de8   0x00001de8   0x00000018   Code   RO          673    i.ST7735_OutString  st7735.o
    0x00001e00   0x00001e00   0x0000008c   Code   RO          674    i.ST7735_OutUDec    st7735.o
    0x00001e8c   0x00001e8c   0x00000020   Code   RO          686    i.ST7735_SetCursor  st7735.o
    0x00001eac   0x00001eac   0x00000014   Code   RO          333    i.Scheduler         os.o
    0x00001ec0   0x00001ec0   0x0000007c   Code   RO          334    i.SetInitialStack   os.o
    0x00001f3c   0x00001f3c   0x00000044   Code   RO          335    i.SysTick_Handler   os.o
    0x00001f80   0x00001f80   0x00000026   Code   RO          336    i.SysTick_Init      os.o
    0x00001fa6   0x00001fa6   0x00000002   PAD
    0x00001fa8   0x00001fa8   0x00000018   Code   RO         3037    i.Timer5A_Handler   timer5a.o
    0x00001fc0   0x00001fc0   0x00000060   Code   RO         3038    i.Timer5A_Init      timer5a.o
    0x00002020   0x00002020   0x0000003c   Code   RO         1047    i.TxFifo_Get        uart0int.o
    0x0000205c   0x0000205c   0x00000014   Code   RO         1048    i.TxFifo_Init       uart0int.o
    0x00002070   0x00002070   0x0000003c   Code   RO         1049    i.TxFifo_Put        uart0int.o
    0x000020ac   0x000020ac   0x00000018   Code   RO         1050    i.TxFifo_Size       uart0int.o
    0x000020c4   0x000020c4   0x00000058   Code   RO         1051    i.UART0_Handler     uart0int.o
    0x0000211c   0x0000211c   0x00000058   Code   RO         2619    i.UART2_Handler     esp8266.o
    0x00002174   0x00002174   0x000000e0   Code   RO         1058    i.UART_Init         uart0int.o
    0x00002254   0x00002254   0x00000038   Code   RO         1059    i.UART_OutChar      uart0int.o
    0x0000228c   0x0000228c   0x00000034   Code   RO         1060    i.UART_OutCharNonBlock  uart0int.o
    0x000022c0   0x000022c0   0x00000018   Code   RO         1062    i.UART_OutString    uart0int.o
    0x000022d8   0x000022d8   0x00000060   Code   RO         3204    i.UpdateScore       pong.o
    0x00002338   0x00002338   0x00000018   Code   RO         2052    i.WideTimer0A_Handler  wtimer0a.o
    0x00002350   0x00002350   0x00000064   Code   RO         2053    i.WideTimer0A_Init  wtimer0a.o
    0x000023b4   0x000023b4   0x000000a4   Code   RO         3064    i.WideTimer1A_Handler  wtimer1a.o
    0x00002458   0x00002458   0x000000a4   Code   RO         3092    i.WideTimer1B_Handler  wtimer1b.o
    0x000024fc   0x000024fc   0x0000000e   Code   RO         4317    i.__scatterload_copy  mc_w.l(handlers.o)
    0x0000250a   0x0000250a   0x00000002   Code   RO         4318    i.__scatterload_null  mc_w.l(handlers.o)
    0x0000250c   0x0000250c   0x0000000e   Code   RO         4319    i.__scatterload_zeroinit  mc_w.l(handlers.o)
    0x0000251a   0x0000251a   0x00000002   PAD
    0x0000251c   0x0000251c   0x000000c8   Code   RO          337    i.addToActive       os.o
    0x000025e4   0x000025e4   0x00000090   Code   RO         1440    i.check_fs          ff.o
    0x00002674   0x00002674   0x00000056   Code   RO          690    i.commandList       st7735.o
    0x000026ca   0x000026ca   0x00000002   PAD
    0x000026cc   0x000026cc   0x0000018c   Code   RO          691    i.commonInit        st7735.o
    0x00002858   0x00002858   0x00000038   Code   RO         1065    i.copyHardwareToSoftware  uart0int.o
    0x00002890   0x00002890   0x00000034   Code   RO         1066    i.copySoftwareToHardware  uart0int.o
    0x000028c4   0x000028c4   0x00000014   Code   RO         1208    i.deselect          edisk.o
    0x000028d8   0x000028d8   0x0000015c   Code   RO         1211    i.eDisk_Init        edisk.o
    0x00002a34   0x00002a34   0x00000090   Code   RO         1212    i.eDisk_Read        edisk.o
    0x00002ac4   0x00002ac4   0x00000014   Code   RO         1214    i.eDisk_Status      edisk.o
    0x00002ad8   0x00002ad8   0x000000b4   Code   RO         1215    i.eDisk_Write       edisk.o
    0x00002b8c   0x00002b8c   0x00000004   Code   RO         1338    i.eFile_Init        efile.o
    0x00002b90   0x00002b90   0x00000034   Code   RO         1339    i.eFile_Mount       efile.o
    0x00002bc4   0x00002bc4   0x0000005c   Code   RO         1462    i.f_mount           ff.o
    0x00002c20   0x00002c20   0x00000048   Code   RO          692    i.fillmessage       st7735.o
    0x00002c68   0x00002c68   0x0000038c   Code   RO         1475    i.find_volume       ff.o
    0x00002ff4   0x00002ff4   0x00000050   Code   RO         4200    i.free              mc_w.l(malloc.o)
    0x00003044   0x00003044   0x0000004a   Code   RO         1479    i.get_ldnumber      ff.o
    0x0000308e   0x0000308e   0x00000002   PAD
    0x00003090   0x00003090   0x0000001c   Code   RO         2085    i.inHeap            heap.o
    0x000030ac   0x000030ac   0x00000020   Code   RO          340    i.incrementTime     os.o
    0x000030cc   0x000030cc   0x00000094   Code   RO         3205    i.init              pong.o
    0x00003160   0x00003160   0x00000028   Code   RO         1217    i.init_spi          edisk.o
    0x00003188   0x00003188   0x0000000a   Code   RO          102    i.main              lab6.o
    0x00003192   0x00003192   0x00000002   PAD
    0x00003194   0x00003194   0x0000006c   Code   RO         4201    i.malloc            mc_w.l(malloc.o)
    0x00003200   0x00003200   0x00000022   Code   RO         2087    i.mergeWithBot      heap.o
    0x00003222   0x00003222   0x00000034   Code   RO         1484    i.move_window       ff.o
    0x00003256   0x00003256   0x00000012   Code   RO          695    i.pushColor         st7735.o
    0x00003268   0x00003268   0x00000048   Code   RO         1218    i.rcvr_datablock    edisk.o
    0x000032b0   0x000032b0   0x00000030   Code   RO         1219    i.rcvr_spi          edisk.o
    0x000032e0   0x000032e0   0x00000018   Code   RO         1220    i.rcvr_spi_multi    edisk.o
    0x000032f8   0x000032f8   0x00000030   Code   RO         1221    i.select            edisk.o
    0x00003328   0x00003328   0x00000096   Code   RO         1222    i.send_cmd          edisk.o
    0x000033be   0x000033be   0x00000002   PAD
    0x000033c0   0x000033c0   0x00000074   Code   RO          696    i.setAddrWindow     st7735.o
    0x00003434   0x00003434   0x00000084   Code   RO          342    i.sleepTask         os.o
    0x000034b8   0x000034b8   0x00000052   Code   RO         1489    i.sync_window       ff.o
    0x0000350a   0x0000350a   0x00000002   PAD
    0x0000350c   0x0000350c   0x00000044   Code   RO          343    i.unlinkNodeFromActive  os.o
    0x00003550   0x00003550   0x00000034   Code   RO         2088    i.validPointer      heap.o
    0x00003584   0x00003584   0x00000030   Code   RO         1223    i.wait_ready        edisk.o
    0x000035b4   0x000035b4   0x00000050   Code   RO          697    i.writecommand      st7735.o
    0x00003604   0x00003604   0x00000054   Code   RO          698    i.writedata         st7735.o
    0x00003658   0x00003658   0x00000038   Code   RO         1224    i.xchg_spi          edisk.o
    0x00003690   0x00003690   0x0000004c   Code   RO         1225    i.xmit_datablock    edisk.o
    0x000036dc   0x000036dc   0x00000030   Code   RO         1226    i.xmit_spi_multi    edisk.o
    0x0000370c   0x0000370c   0x00000008   Data   RO          345    .constdata          os.o
    0x00003714   0x00003714   0x00000842   Data   RO          700    .constdata          st7735.o
    0x00003f56   0x00003f56   0x00000036   Data   RO         2622    .constdata          esp8266.o
    0x00003f8c   0x00003f8c   0x0000010c   Data   RO         2913    .constdata          interrupt.o
    0x00004098   0x00004098   0x00000020   Data   RO         4315    Region$$Table       anon$$obj.o


    Execution Region ER_RW (Exec base: 0x20000000, Load base: 0x000040b8, Size: 0x0000017c, Max: 0xffffffff, ABSOLUTE, COMPRESSED[0x00000018])

    Exec Addr    Load Addr    Size         Type   Attr      Idx    E Section Name        Object

    0x20000000   COMPRESSED   0x0000002c   Data   RW          107    .data               lab6.o
    0x2000002c   COMPRESSED   0x00000065   Data   RW          346    .data               os.o
    0x20000091   COMPRESSED   0x00000003   PAD
    0x20000094   COMPRESSED   0x0000002c   Data   RW          701    .data               st7735.o
    0x200000c0   COMPRESSED   0x00000010   Data   RW         1068    .data               uart0int.o
    0x200000d0   COMPRESSED   0x0000000d   Data   RW         1227    .data               edisk.o
    0x200000dd   COMPRESSED   0x00000003   PAD
    0x200000e0   COMPRESSED   0x00000006   Data   RW         1492    .data               ff.o
    0x200000e6   COMPRESSED   0x00000002   PAD
    0x200000e8   COMPRESSED   0x00000008   Data   RW         1744    .data               adct0atrigger.o
    0x200000f0   COMPRESSED   0x00000004   Data   RW         2055    .data               wtimer0a.o
    0x200000f4   COMPRESSED   0x00000010   Data   RW         2499    .data               can0.o
    0x20000104   COMPRESSED   0x0000003c   Data   RW         2623    .data               esp8266.o
    0x20000140   COMPRESSED   0x00000004   Data   RW         3040    .data               timer5a.o
    0x20000144   COMPRESSED   0x00000010   Data   RW         3067    .data               wtimer1a.o
    0x20000154   COMPRESSED   0x00000010   Data   RW         3094    .data               wtimer1b.o
    0x20000164   COMPRESSED   0x00000009   Data   RW         3207    .data               pong.o
    0x2000016d   COMPRESSED   0x00000003   PAD
    0x20000170   COMPRESSED   0x00000004   Data   RW         3913    .data               mc_w.l(rand.o)
    0x20000174   COMPRESSED   0x00000004   Data   RW         4251    .data               mc_w.l(mvars.o)
    0x20000178   COMPRESSED   0x00000004   Data   RW         4252    .data               mc_w.l(mvars.o)


    Execution Region ER_ZI (Exec base: 0x2000017c, Load base: 0x000040d0, Size: 0x000033fc, Max: 0xffffffff, ABSOLUTE)

    Exec Addr    Load Addr    Size         Type   Attr      Idx    E Section Name        Object

    0x2000017c        -       0x00000ef8   Zero   RW          344    .bss                os.o
    0x20001074        -       0x00000018   Zero   RW          699    .bss                st7735.o
    0x2000108c        -       0x00000818   Zero   RW         1067    .bss                uart0int.o
    0x200018a4        -       0x0000048c   Zero   RW         1347    .bss                efile.o
    0x20001d30        -       0x000007d0   Zero   RW         2089    .bss                heap.o
    0x20002500        -       0x00000c24   Zero   RW         2621    .bss                esp8266.o
    0x20003124        -       0x00000050   Zero   RW         3206    .bss                pong.o
    0x20003174   0x000040d0   0x00000004   PAD
    0x20003178        -       0x00000000   Zero   RW            2    HEAP                startup.o
    0x20003178        -       0x00000400   Zero   RW            1    STACK               startup.o


==============================================================================

Image component sizes


      Code (inc. data)   RO Data    RW Data    ZI Data      Debug   Object Name

        64         20          0          8          0       2384   adct0atrigger.o
       896         10          0          0          0       9824   can.o
       136         18          0         16          0       3579   can0.o
      1794        140          0         13          0      12789   edisk.o
        56         12          0          0       1164       3955   efile.o
       792        126         54         60       3108       7379   esp8266.o
      1352         28          0          6          0      10910   ff.o
       322         18          0          0       2000       4275   heap.o
       232         16        268          0          0       2009   interrupt.o
       242         42          0         44          0       5208   lab6.o
        92         22          0          0          0       4953   launchpad.o
      1974        222          8        101       3832      21227   os.o
       164         14          0          0          0        316   osasm.o
       124          4          0          0          0        467   pll.o
      1350        132          0          9         80       5502   pong.o
      2042        236       2114         44         24      15628   st7735.o
       672        622          0          0       1024        980   startup.o
       120         28          0          4          0       1669   timer5a.o
       820        146          0         16       2072       8624   uart0int.o
       124         30          0          4          0       1605   wtimer0a.o
       164         34          0         16          0       1526   wtimer1a.o
       164         32          0         16          0       1525   wtimer1b.o

    ----------------------------------------------------------------------
     13720       1952       2476        368      13308     126334   Object Totals
         0          0         32          0          0          0   (incl. Generated)
        24          0          0         11          4          0   (incl. Padding)

    ----------------------------------------------------------------------

      Code (inc. data)   RO Data    RW Data    ZI Data      Debug   Library Member Name

        58          0          0          0          0          0   __dczerorl.o
         0          0          0          0          0          0   entry.o
         0          0          0          0          0          0   entry10a.o
         0          0          0          0          0          0   entry11a.o
         8          4          0          0          0          0   entry2.o
         4          0          0          0          0          0   entry5.o
         0          0          0          0          0          0   entry7b.o
         0          0          0          0          0          0   entry8b.o
         8          4          0          0          0          0   entry9a.o
        30          0          0          0          0          0   handlers.o
        36          8          0          0          0         68   init.o
       188         20          0          0          0        160   malloc.o
         0          0          0          8          0          0   mvars.o
        36         10          0          4          0        136   rand.o

    ----------------------------------------------------------------------
       372         46          0         12          0        364   Library Totals
         4          0          0          0          0          0   (incl. Padding)

    ----------------------------------------------------------------------

      Code (inc. data)   RO Data    RW Data    ZI Data      Debug   Library Name

       368         46          0         12          0        364   mc_w.l

    ----------------------------------------------------------------------
       372         46          0         12          0        364   Library Totals

    ----------------------------------------------------------------------

==============================================================================


      Code (inc. data)   RO Data    RW Data    ZI Data      Debug   

     14092       1998       2476        380      13308     120326   Grand Totals
     14092       1998       2476         24      13308     120326   ELF Image Totals (compressed)
     14092       1998       2476         24          0          0   ROM Totals

==============================================================================

    Total RO  Size (Code + RO Data)                16568 (  16.18kB)
    Total RW  Size (RW Data + ZI Data)             13688 (  13.37kB)
    Total ROM Size (Code + RO Data + RW Data)      16592 (  16.20kB)

==============================================================================

