<html>
<body>
<pre>
<h1>µVision Build Log</h1>
<h2>Tool Versions:</h2>
IDE-Version: µVision V5.28.0.0
Copyright (C) 2019 ARM Ltd and ARM Germany GmbH. All rights reserved.
License Information: Phat Le, University of Texas at Austin, LIC=EPP74-Z79G0-TMKPW-Q9E40-T85HB-IUFEA
 
Tool Versions:
Toolchain:       MDK-ARM Professional  Version: 5.28.0.0
Toolchain Path:  C:\Keil_v5\ARM\ARMCC\Bin
C Compiler:      Armcc.exe V5.06 update 6 (build 750)
Assembler:       Armasm.exe V5.06 update 6 (build 750)
Linker/Locator:  ArmLink.exe V5.06 update 6 (build 750)
Library Manager: ArmAr.exe V5.06 update 6 (build 750)
Hex Converter:   FromElf.exe V5.06 update 6 (build 750)
CPU DLL:         SARMCM3.DLL V5.28.0.0
Dialog DLL:      DCM.DLL V1.17.3.0
Target DLL:      lmidk-agdi.dll V???
Dialog DLL:      TCM.DLL V1.36.2.0
 
<h2>Project:</h2>
C:\Users\Phat\Desktop\RTOS Labs\EE445M_Lab7\ultimateOS\Lab6.uvprojx
Project File Date:  05/02/2020

<h2>Output:</h2>
*** Using Compiler 'V5.06 update 6 (build 750)', folder: 'C:\Keil_v5\ARM\ARMCC\Bin'
Rebuild target 'Lab7'
assembling startup.s...
compiling PLL.c...
compiling LaunchPad.c...
compiling Lab6.c...
compiling Interpreter.c...
..\RTOS_Labs_common\Interpreter.c(434): warning:  #940-D: missing return statement at end of non-void function "checkTm4cMode" 
  }
..\RTOS_Labs_common\Interpreter.c(441): warning:  #940-D: missing return statement at end of non-void function "acceptTm4c" 
  }
..\RTOS_Labs_common\Interpreter.c(446): warning:  #940-D: missing return statement at end of non-void function "requestTm4c" 
  }
..\RTOS_Labs_common\Interpreter.c(479): warning:  #1295-D: Deprecated declaration ST7734_Message - give arg types
  void ST7734_Message();
..\RTOS_Labs_common\Interpreter.c(485): warning:  #1295-D: Deprecated declaration LED_xxx - give arg types
  void LED_xxx();
..\RTOS_Labs_common\Interpreter.c(492): warning:  #1295-D: Deprecated declaration eFile_xxx - give arg types
  void eFile_xxx();
..\RTOS_Labs_common\Interpreter.c(498): warning:  #1295-D: Deprecated declaration exec_elf - give arg types
  void exec_elf();
..\RTOS_Labs_common\Interpreter.c: 7 warnings, 0 errors
compiling ST7735.c...
compiling OS.c...
..\RTOS_Labs_common\OS.c(62): warning:  #550-D: variable "systemTime"  was set but never used
  static uint32_t systemTime;
..\RTOS_Labs_common\OS.c: 1 warning, 0 errors
compiling UART0int.c...
compiling eFile.c...
assembling osasm.s...
compiling eDisk.c...
compiling ff.c...
assembling cr4_fft_64_stm32.s...
assembling PID_stm32.s...
compiling ADC.c...
compiling ADCT0ATrigger.c...
compiling LPF.c...
compiling ADCSWTrigger.c...
compiling IRDistance.c...
compiling heap.c...
compiling loader.c...
compiling can.c...
compiling WTimer0A.c...
compiling interrupt.c...
compiling cpu.c...
compiling esp8266.c...
compiling can0.c...
compiling Timer5A.c...
compiling Command.c...
compiling WTimer1A.c...
compiling WTimer1B.c...
compiling CommandExecute.c...
compiling Lab2.c...
..\src\Lab2.c(262): warning:  #223-D: function "PID_stm32" declared implicitly
        Lab2Actuator = PID_stm32(err,Lab2Coeff)/256;
..\src\Lab2.c: 1 warning, 0 errors
compiling Lab3.c...
..\src\Lab3.c(663): warning:  #1295-D: Deprecated declaration Jitter - give arg types
  extern void Jitter(); // prints jitter information (write this)
..\src\Lab3.c: 1 warning, 0 errors
linking...
Program Size: Code=16476 RO-data=3056 RW-data=368 ZI-data=13280  
".\Lab6.axf" - 0 Error(s), 10 Warning(s).

<h2>Software Packages used:</h2>

Package Vendor: Keil
                http://www.keil.com/pack/Keil.TM4C_DFP.1.1.0.pack
                Keil.TM4C_DFP.1.1.0
                Texas Instruments Tiva C Series Device Support and Examples

<h2>Collection of Component include folders:</h2>
  .\RTE\_Lab7
  C:\Users\Phat\AppData\Local\Arm\Packs\Keil\TM4C_DFP\1.1.0\Device\Include\TM4C123

<h2>Collection of Component Files used:</h2>
Build Time Elapsed:  00:00:09
</pre>
</body>
</html>
