Component: ARM Compiler 5.06 update 6 (build 750) Tool: armlink [4d35ed]

==============================================================================

Section Cross References

    startup.o(RESET) refers to startup.o(STACK) for StackMem
    startup.o(RESET) refers to osasm.o(.text) for SVC_Handler
    startup.o(RESET) refers to os.o(i.SysTick_Handler) for SysTick_Handler
    startup.o(RESET) refers to uart0int.o(i.UART0_Handler) for UART0_Handler
    startup.o(RESET) refers to adct0atrigger.o(i.ADC0Seq0_Handler) for ADC0Seq0_Handler
    startup.o(RESET) refers to adct0atrigger.o(i.ADC0Seq3_Handler) for ADC0Seq3_Handler
    startup.o(RESET) refers to os.o(i.GPIOPortF_Handler) for GPIOPortF_Handler
    startup.o(RESET) refers to esp8266.o(i.UART2_Handler) for UART2_Handler
    startup.o(RESET) refers to can0.o(i.CAN0_Handler) for CAN0_Handler
    startup.o(RESET) refers to timer5a.o(i.Timer5A_Handler) for Timer5A_Handler
    startup.o(RESET) refers to wtimer0a.o(i.WideTimer0A_Handler) for WideTimer0A_Handler
    startup.o(RESET) refers to wtimer1a.o(i.WideTimer1A_Handler) for WideTimer1A_Handler
    startup.o(RESET) refers to wtimer1b.o(i.WideTimer1B_Handler) for WideTimer1B_Handler
    startup.o(RESET) refers to entry.o(.ARM.Collect$$$$00000000) for __main
    launchpad.o(i.LaunchPad_WaitForRelease) refers to launchpad.o(i.DelayMs) for DelayMs
    launchpad.o(i.LaunchPad_WaitForTouch) refers to launchpad.o(i.DelayMs) for DelayMs
    os.o(i.GPIOPortF_Handler) refers to os.o(.data) for PF4Priority
    os.o(i.OS_AddPeriodicThread) refers to startup.o(.text) for StartCritical
    os.o(i.OS_AddPeriodicThread) refers to wtimer1a.o(i.WideTimer1A_Init) for WideTimer1A_Init
    os.o(i.OS_AddPeriodicThread) refers to wtimer1b.o(i.WideTimer1B_Init) for WideTimer1B_Init
    os.o(i.OS_AddPeriodicThread) refers to os.o(.data) for periodicTasks
    os.o(i.OS_AddProcess) refers to startup.o(.text) for StartCritical
    os.o(i.OS_AddProcess) refers to malloc.o(i.malloc) for malloc
    os.o(i.OS_AddProcess) refers to os.o(i.SetInitialStack) for SetInitialStack
    os.o(i.OS_AddProcess) refers to os.o(i.addToActive) for addToActive
    os.o(i.OS_AddProcess) refers to os.o(.data) for numThreads
    os.o(i.OS_AddSW1Task) refers to os.o(.data) for PF4task
    os.o(i.OS_AddSW2Task) refers to os.o(.data) for PF0task
    os.o(i.OS_AddThread) refers to startup.o(.text) for StartCritical
    os.o(i.OS_AddThread) refers to malloc.o(i.malloc) for malloc
    os.o(i.OS_AddThread) refers to os.o(i.SetInitialStack) for SetInitialStack
    os.o(i.OS_AddThread) refers to os.o(i.addToActive) for addToActive
    os.o(i.OS_AddThread) refers to os.o(.data) for numThreads
    os.o(i.OS_ClearMsTime) refers to os.o(.data) for MsTime
    os.o(i.OS_EndRedirectToFile) refers to efile.o(i.eFile_WClose) for eFile_WClose
    os.o(i.OS_EndRedirectToFile) refers to os.o(.data) for StreamToDevice
    os.o(i.OS_Fifo_Get) refers to os.o(i.OS_Wait) for OS_Wait
    os.o(i.OS_Fifo_Get) refers to os.o(i.OS_bWait) for OS_bWait
    os.o(i.OS_Fifo_Get) refers to startup.o(.text) for StartCritical
    os.o(i.OS_Fifo_Get) refers to os.o(i.OS_bSignal) for OS_bSignal
    os.o(i.OS_Fifo_Get) refers to os.o(.bss) for DataAvailable
    os.o(i.OS_Fifo_Get) refers to os.o(.data) for OSGetI
    os.o(i.OS_Fifo_Init) refers to startup.o(.text) for StartCritical
    os.o(i.OS_Fifo_Init) refers to os.o(i.OS_InitSemaphore) for OS_InitSemaphore
    os.o(i.OS_Fifo_Init) refers to os.o(.data) for OSGetI
    os.o(i.OS_Fifo_Init) refers to os.o(.bss) for DataAvailable
    os.o(i.OS_Fifo_Put) refers to startup.o(.text) for StartCritical
    os.o(i.OS_Fifo_Put) refers to os.o(i.OS_Signal) for OS_Signal
    os.o(i.OS_Fifo_Put) refers to os.o(.data) for OSPutI
    os.o(i.OS_Fifo_Put) refers to os.o(.bss) for OSFifo
    os.o(i.OS_Fifo_Size) refers to os.o(.data) for OSPutI
    os.o(i.OS_Id) refers to os.o(.data) for RunPt
    os.o(i.OS_Init) refers to startup.o(.text) for DisableInterrupts
    os.o(i.OS_Init) refers to pll.o(i.PLL_Init) for PLL_Init
    os.o(i.OS_Init) refers to uart0int.o(i.UART_Init) for UART_Init
    os.o(i.OS_Init) refers to heap.o(i.Heap_Init) for Heap_Init
    os.o(i.OS_Init) refers to efile.o(i.eFile_Init) for eFile_Init
    os.o(i.OS_Init) refers to efile.o(i.eFile_Mount) for eFile_Mount
    os.o(i.OS_Init) refers to st7735.o(i.ST7735_InitR) for ST7735_InitR
    os.o(i.OS_Init) refers to launchpad.o(i.LaunchPad_Init) for LaunchPad_Init
    os.o(i.OS_Init) refers to os.o(i.SysTick_Init) for SysTick_Init
    os.o(i.OS_Init) refers to os.o(i.OS_ClearMsTime) for OS_ClearMsTime
    os.o(i.OS_Init) refers to timer5a.o(i.Timer5A_Init) for Timer5A_Init
    os.o(i.OS_Init) refers to wtimer0a.o(i.WideTimer0A_Init) for WideTimer0A_Init
    os.o(i.OS_Init) refers to os.o(i.sleepTask) for sleepTask
    os.o(i.OS_Init) refers to os.o(i.incrementTime) for incrementTime
[...]
    ../clib/scanf.c                          0x00000000   Number         0  atoi.o ABSOLUTE
    ../clib/scanf.c                          0x00000000   Number         0  _strtoul.o ABSOLUTE
    ../fplib/microlib/fpadd.c                0x00000000   Number         0  dadd.o ABSOLUTE
    ../fplib/microlib/fpdiv.c                0x00000000   Number         0  ddiv.o ABSOLUTE
    ../fplib/microlib/fpepilogue.c           0x00000000   Number         0  depilogue.o ABSOLUTE
    ../fplib/microlib/fpfix.c                0x00000000   Number         0  dfixul.o ABSOLUTE
    ../fplib/microlib/fpmul.c                0x00000000   Number         0  dmul.o ABSOLUTE
    ..\RTOS_Labs_common\ADC.c                0x00000000   Number         0  adc.o ABSOLUTE
    ..\RTOS_Labs_common\Command.c            0x00000000   Number         0  command.o ABSOLUTE
    ..\RTOS_Labs_common\CommandExecute.c     0x00000000   Number         0  commandexecute.o ABSOLUTE
    ..\RTOS_Labs_common\Interpreter.c        0x00000000   Number         0  interpreter.o ABSOLUTE
    ..\RTOS_Labs_common\OS.c                 0x00000000   Number         0  os.o ABSOLUTE
    ..\RTOS_Labs_common\ST7735.c             0x00000000   Number         0  st7735.o ABSOLUTE
    ..\RTOS_Labs_common\Timer5A.c            0x00000000   Number         0  timer5a.o ABSOLUTE
    ..\RTOS_Labs_common\UART0int.c           0x00000000   Number         0  uart0int.o ABSOLUTE
    ..\RTOS_Labs_common\WTimer1A.c           0x00000000   Number         0  wtimer1a.o ABSOLUTE
    ..\RTOS_Labs_common\WTimer1B.c           0x00000000   Number         0  wtimer1b.o ABSOLUTE
    ..\RTOS_Labs_common\can0.c               0x00000000   Number         0  can0.o ABSOLUTE
    ..\RTOS_Labs_common\eDisk.c              0x00000000   Number         0  edisk.o ABSOLUTE
    ..\RTOS_Labs_common\esp8266.c            0x00000000   Number         0  esp8266.o ABSOLUTE
    ..\RTOS_Labs_common\heap.c               0x00000000   Number         0  heap.o ABSOLUTE
    ..\RTOS_Labs_common\osasm.s              0x00000000   Number         0  osasm.o ABSOLUTE
    ..\\driverlib\\cpu.c                     0x00000000   Number         0  cpu.o ABSOLUTE
    ..\driverlib\cpu.c                       0x00000000   Number         0  cpu.o ABSOLUTE
    ..\driverlib\interrupt.c                 0x00000000   Number         0  interrupt.o ABSOLUTE
    ..\inc\ADCSWTrigger.c                    0x00000000   Number         0  adcswtrigger.o ABSOLUTE
    ..\inc\ADCT0ATrigger.c                   0x00000000   Number         0  adct0atrigger.o ABSOLUTE
    ..\inc\IRDistance.c                      0x00000000   Number         0  irdistance.o ABSOLUTE
    ..\inc\LPF.c                             0x00000000   Number         0  lpf.o ABSOLUTE
    ..\inc\LaunchPad.c                       0x00000000   Number         0  launchpad.o ABSOLUTE
    ..\inc\PID_stm32.s                       0x00000000   Number         0  pid_stm32.o ABSOLUTE
    ..\inc\PLL.c                             0x00000000   Number         0  pll.o ABSOLUTE
    ..\inc\WTimer0A.c                        0x00000000   Number         0  wtimer0a.o ABSOLUTE
    ..\inc\can.c                             0x00000000   Number         0  can.o ABSOLUTE
    ..\inc\cr4_fft_64_stm32.s                0x00000000   Number         0  cr4_fft_64_stm32.o ABSOLUTE
    ..\src\Lab2.c                            0x00000000   Number         0  lab2.o ABSOLUTE
    ..\src\Lab3.c                            0x00000000   Number         0  lab3.o ABSOLUTE
    ..\src\Lab7.c                            0x00000000   Number         0  lab7.o ABSOLUTE
    ..\src\Pong.c                            0x00000000   Number         0  pong.o ABSOLUTE
    cdrcmple.s                               0x00000000   Number         0  cdrcmple.o ABSOLUTE
    dc.s                                     0x00000000   Number         0  dc.o ABSOLUTE
    eFile.c                                  0x00000000   Number         0  efile.o ABSOLUTE
    ff.c                                     0x00000000   Number         0  ff.o ABSOLUTE
    handlers.s                               0x00000000   Number         0  handlers.o ABSOLUTE
    init.s                                   0x00000000   Number         0  init.o ABSOLUTE
    loader.c                                 0x00000000   Number         0  loader.o ABSOLUTE
    startup.s                                0x00000000   Number         0  startup.o ABSOLUTE
    .ARM.Collect$$$$00000000                 0x00000284   Section        0  entry.o(.ARM.Collect$$$$00000000)
    .ARM.Collect$$$$00000001                 0x00000284   Section        4  entry2.o(.ARM.Collect$$$$00000001)
    .ARM.Collect$$$$00000004                 0x00000288   Section        4  entry5.o(.ARM.Collect$$$$00000004)
    .ARM.Collect$$$$00000008                 0x0000028c   Section        0  entry7b.o(.ARM.Collect$$$$00000008)
    .ARM.Collect$$$$0000000A                 0x0000028c   Section        0  entry8b.o(.ARM.Collect$$$$0000000A)
    .ARM.Collect$$$$0000000B                 0x0000028c   Section        8  entry9a.o(.ARM.Collect$$$$0000000B)
    .ARM.Collect$$$$0000000D                 0x00000294   Section        0  entry10a.o(.ARM.Collect$$$$0000000D)
    .ARM.Collect$$$$0000000F                 0x00000294   Section        0  entry11a.o(.ARM.Collect$$$$0000000F)
    .ARM.Collect$$$$00002712                 0x00000294   Section        4  entry2.o(.ARM.Collect$$$$00002712)
    __lit__00000000                          0x00000294   Data           4  entry2.o(.ARM.Collect$$$$00002712)
    .text                                    0x00000298   Section       28  startup.o(.text)
    .text                                    0x000002b4   Section      164  osasm.o(.text)
    Return                                   0x00000343   Thumb Code     0  osasm.o(.text)
    .text                                    0x00000358   Section        0  rand.o(.text)
    .text                                    0x0000037c   Section       36  init.o(.text)
    .text                                    0x000003a0   Section        0  __dczerorl.o(.text)
    i.ADC0Seq0_Handler                       0x000003dc   Section        0  adct0atrigger.o(i.ADC0Seq0_Handler)
    i.ADC0Seq3_Handler                       0x00000400   Section        0  adct0atrigger.o(i.ADC0Seq3_Handler)
    i.AppMain                                0x0000041c   Section        0  lab7.o(i.AppMain)
    i.BallReset                              0x00000470   Section        0  pong.o(i.BallReset)
    BallReset                                0x00000471   Thumb Code    80  pong.o(i.BallReset)
    i.CAN0_Handler                           0x000004c4   Section        0  can0.o(i.CAN0_Handler)
    i.CANDataRegRead                         0x0000054c   Section        0  can.o(i.CANDataRegRead)
    CANDataRegRead                           0x0000054d   Thumb Code    54  can.o(i.CANDataRegRead)
    i.CANIntClear                            0x00000582   Section        0  can.o(i.CANIntClear)
    i.CANIntNumberGet                        0x000005d4   Section        0  can.o(i.CANIntNumberGet)
    CANIntNumberGet                          0x000005d5   Thumb Code    34  can.o(i.CANIntNumberGet)
    i.CANIntStatus                           0x000005fc   Section        0  can.o(i.CANIntStatus)
    i.CANMessageGet                          0x00000638   Section        0  can.o(i.CANMessageGet)
    i.CANRegRead                             0x000007f0   Section        0  can.o(i.CANRegRead)
    CANRegRead                               0x000007f1   Thumb Code    72  can.o(i.CANRegRead)
    i.CANRegWrite                            0x0000083c   Section        0  can.o(i.CANRegWrite)
    CANRegWrite                              0x0000083d   Thumb Code    24  can.o(i.CANRegWrite)
    i.CANStatusGet                           0x00000854   Section        0  can.o(i.CANStatusGet)
    i.CS_Init                                0x000008d0   Section        0  edisk.o(i.CS_Init)
    i.CollisionCheck                         0x0000095c   Section        0  pong.o(i.CollisionCheck)
    CollisionCheck                           0x0000095d   Thumb Code   106  pong.o(i.CollisionCheck)
    i.Delay1ms                               0x000009c6   Section        0  st7735.o(i.Delay1ms)
    i.ESP8266BufferToTx                      0x000009e8   Section        0  esp8266.o(i.ESP8266BufferToTx)
    ESP8266BufferToTx                        0x000009e9   Thumb Code    58  esp8266.o(i.ESP8266BufferToTx)
    i.ESP8266Rx0Fifo_Put                     0x00000a30   Section        0  esp8266.o(i.ESP8266Rx0Fifo_Put)
    i.ESP8266RxFifo_Put                      0x00000a6c   Section        0  esp8266.o(i.ESP8266RxFifo_Put)
    i.ESP8266RxFifo_Size                     0x00000aa8   Section        0  esp8266.o(i.ESP8266RxFifo_Size)
    i.ESP8266RxToBuffer                      0x00000ac0   Section        0  esp8266.o(i.ESP8266RxToBuffer)
    ESP8266RxToBuffer                        0x00000ac1   Thumb Code    66  esp8266.o(i.ESP8266RxToBuffer)
    i.ESP8266TxFifo_Get                      0x00000b10   Section        0  esp8266.o(i.ESP8266TxFifo_Get)
    i.ESP8266TxFifo_Size                     0x00000b4c   Section        0  esp8266.o(i.ESP8266TxFifo_Size)
    i.GPIOPortF_Handler                      0x00000b64   Section        0  os.o(i.GPIOPortF_Handler)
    i.Heap_Free                              0x00000be8   Section        0  heap.o(i.Heap_Free)
    i.Heap_Init                              0x00000ca0   Section        0  heap.o(i.Heap_Init)
    i.Idle                                   0x00000cb8   Section        0  lab7.o(i.Idle)
    i.IntDisable                             0x00000ce4   Section        0  interrupt.o(i.IntDisable)
    i.IntEnable                              0x00000d58   Section        0  interrupt.o(i.IntEnable)
    i.LaunchPad_Init                         0x00000dcc   Section        0  launchpad.o(i.LaunchPad_Init)
    i.MoveBall                               0x00000e28   Section        0  pong.o(i.MoveBall)
    MoveBall                                 0x00000e29   Thumb Code   440  pong.o(i.MoveBall)
    i.OS_AddSW1Task                          0x00000ff0   Section        0  os.o(i.OS_AddSW1Task)
    i.OS_AddSW2Task                          0x00001070   Section        0  os.o(i.OS_AddSW2Task)
    i.OS_AddThread                           0x000010d0   Section        0  os.o(i.OS_AddThread)
    i.OS_ClearMsTime                         0x00001198   Section        0  os.o(i.OS_ClearMsTime)
    i.OS_Id                                  0x000011a4   Section        0  os.o(i.OS_Id)
    i.OS_Init                                0x000011b4   Section        0  os.o(i.OS_Init)
    i.OS_InitSemaphore                       0x00001230   Section        0  os.o(i.OS_InitSemaphore)
    i.OS_Kill                                0x00001238   Section        0  os.o(i.OS_Kill)
    i.OS_Launch                              0x000012d8   Section        0  os.o(i.OS_Launch)
    i.OS_Signal                              0x0000131c   Section        0  os.o(i.OS_Signal)
    i.OS_Sleep                               0x00001354   Section        0  os.o(i.OS_Sleep)
    i.OS_Suspend                             0x000013b4   Section        0  os.o(i.OS_Suspend)
    i.OS_Time                                0x000013cc   Section        0  os.o(i.OS_Time)
    i.OS_TimeDifference                      0x000013e0   Section        0  os.o(i.OS_TimeDifference)
    i.OS_Wait                                0x000013e8   Section        0  os.o(i.OS_Wait)
    i.OS_bSignal                             0x00001464   Section        0  os.o(i.OS_bSignal)
    i.OS_bWait                               0x00001470   Section        0  os.o(i.OS_bWait)
    i.PLL_Init                               0x0000147c   Section        0  pll.o(i.PLL_Init)
    i.PaddleAI                               0x000014f8   Section        0  pong.o(i.PaddleAI)
    PaddleAI                                 0x000014f9   Thumb Code   194  pong.o(i.PaddleAI)
    i.PlayerLeft                             0x000015cc   Section        0  pong.o(i.PlayerLeft)
    PlayerLeft                               0x000015cd   Thumb Code   124  pong.o(i.PlayerLeft)
    i.PlayerRight                            0x00001658   Section        0  pong.o(i.PlayerRight)
    PlayerRight                              0x00001659   Thumb Code   136  pong.o(i.PlayerRight)
    i.Pong                                   0x000016f0   Section        0  pong.o(i.Pong)
    i.PortD_Init                             0x000017fc   Section        0  lab7.o(i.PortD_Init)
    i.ReceiveDataFilter                      0x00001864   Section        0  esp8266.o(i.ReceiveDataFilter)
    i.RxFifo_Init                            0x000019a8   Section        0  uart0int.o(i.RxFifo_Init)
    i.RxFifo_Put                             0x000019bc   Section        0  uart0int.o(i.RxFifo_Put)
    i.RxFifo_Size                            0x000019f8   Section        0  uart0int.o(i.RxFifo_Size)
    i.SSI0_Init                              0x00001a10   Section        0  edisk.o(i.SSI0_Init)
    i.ST7735_DrawCharS                       0x00001b5c   Section        0  st7735.o(i.ST7735_DrawCharS)
    i.ST7735_DrawPixel                       0x00001c54   Section        0  st7735.o(i.ST7735_DrawPixel)
    i.ST7735_DrawString                      0x00001c9c   Section        0  st7735.o(i.ST7735_DrawString)
    i.ST7735_FillRect                        0x00001cf4   Section        0  st7735.o(i.ST7735_FillRect)
    i.ST7735_FillScreen                      0x00001da0   Section        0  st7735.o(i.ST7735_FillScreen)
    i.ST7735_InitR                           0x00001dc4   Section        0  st7735.o(i.ST7735_InitR)
    i.ST7735_OutChar                         0x00001e4c   Section        0  st7735.o(i.ST7735_OutChar)
    i.ST7735_OutString                       0x00001f20   Section        0  st7735.o(i.ST7735_OutString)
    i.ST7735_OutUDec                         0x00001f38   Section        0  st7735.o(i.ST7735_OutUDec)
    i.ST7735_SetCursor                       0x00001fc4   Section        0  st7735.o(i.ST7735_SetCursor)
    i.Scheduler                              0x00001fe4   Section        0  os.o(i.Scheduler)
    i.SetInitialStack                        0x00001ff8   Section        0  os.o(i.SetInitialStack)
    i.SignalLeft                             0x00002074   Section        0  pong.o(i.SignalLeft)
    SignalLeft                               0x00002075   Thumb Code    10  pong.o(i.SignalLeft)
    i.SignalRight                            0x00002084   Section        0  pong.o(i.SignalRight)
    SignalRight                              0x00002085   Thumb Code    10  pong.o(i.SignalRight)
    i.SysTick_Handler                        0x00002094   Section        0  os.o(i.SysTick_Handler)
    i.SysTick_Init                           0x000020d8   Section        0  os.o(i.SysTick_Init)
    i.Timer5A_Handler                        0x00002100   Section        0  timer5a.o(i.Timer5A_Handler)
    i.Timer5A_Init                           0x00002118   Section        0  timer5a.o(i.Timer5A_Init)
    i.TxFifo_Get                             0x00002178   Section        0  uart0int.o(i.TxFifo_Get)
    i.TxFifo_Init                            0x000021b4   Section        0  uart0int.o(i.TxFifo_Init)
    i.TxFifo_Put                             0x000021c8   Section        0  uart0int.o(i.TxFifo_Put)
    i.TxFifo_Size                            0x00002204   Section        0  uart0int.o(i.TxFifo_Size)
    i.UART0_Handler                          0x0000221c   Section        0  uart0int.o(i.UART0_Handler)
    i.UART2_Handler                          0x00002274   Section        0  esp8266.o(i.UART2_Handler)
    i.UART_Init                              0x000022cc   Section        0  uart0int.o(i.UART_Init)
    i.UART_OutChar                           0x000023ac   Section        0  uart0int.o(i.UART_OutChar)
    i.UART_OutCharNonBlock                   0x000023e4   Section        0  uart0int.o(i.UART_OutCharNonBlock)
    i.UART_OutString                         0x00002418   Section        0  uart0int.o(i.UART_OutString)
    i.UpdateScore                            0x00002430   Section        0  pong.o(i.UpdateScore)
    UpdateScore                              0x00002431   Thumb Code    78  pong.o(i.UpdateScore)
    i.WideTimer0A_Handler                    0x00002490   Section        0  wtimer0a.o(i.WideTimer0A_Handler)
    i.WideTimer0A_Init                       0x000024a8   Section        0  wtimer0a.o(i.WideTimer0A_Init)
    i.WideTimer1A_Handler                    0x0000250c   Section        0  wtimer1a.o(i.WideTimer1A_Handler)
    i.WideTimer1B_Handler                    0x000025b0   Section        0  wtimer1b.o(i.WideTimer1B_Handler)
    i.__scatterload_copy                     0x00002654   Section       14  handlers.o(i.__scatterload_copy)
    i.__scatterload_null                     0x00002662   Section        2  handlers.o(i.__scatterload_null)
    i.__scatterload_zeroinit                 0x00002664   Section       14  handlers.o(i.__scatterload_zeroinit)
    i.addToActive                            0x00002674   Section        0  os.o(i.addToActive)
    addToActive                              0x00002675   Thumb Code   192  os.o(i.addToActive)
    i.check_fs                               0x0000273c   Section        0  ff.o(i.check_fs)
    check_fs                                 0x0000273d   Thumb Code   140  ff.o(i.check_fs)
    i.commandList                            0x000027cc   Section        0  st7735.o(i.commandList)
    commandList                              0x000027cd   Thumb Code    86  st7735.o(i.commandList)
    i.commonInit                             0x00002824   Section        0  st7735.o(i.commonInit)
    commonInit                               0x00002825   Thumb Code   346  st7735.o(i.commonInit)
    i.copyHardwareToSoftware                 0x000029b0   Section        0  uart0int.o(i.copyHardwareToSoftware)
    copyHardwareToSoftware                   0x000029b1   Thumb Code    46  uart0int.o(i.copyHardwareToSoftware)
    i.copySoftwareToHardware                 0x000029e8   Section        0  uart0int.o(i.copySoftwareToHardware)
    copySoftwareToHardware                   0x000029e9   Thumb Code    44  uart0int.o(i.copySoftwareToHardware)
    i.deselect                               0x00002a1c   Section        0  edisk.o(i.deselect)
    deselect                                 0x00002a1d   Thumb Code    16  edisk.o(i.deselect)
    i.eDisk_Init                             0x00002a30   Section        0  edisk.o(i.eDisk_Init)
    i.eDisk_Read                             0x00002b8c   Section        0  edisk.o(i.eDisk_Read)
    i.eDisk_Status                           0x00002c1c   Section        0  edisk.o(i.eDisk_Status)
    i.eDisk_Write                            0x00002c30   Section        0  edisk.o(i.eDisk_Write)
    i.eFile_Init                             0x00002ce4   Section        0  efile.o(i.eFile_Init)
    i.eFile_Mount                            0x00002ce8   Section        0  efile.o(i.eFile_Mount)
    i.f_mount                                0x00002d1c   Section        0  ff.o(i.f_mount)
    i.fillmessage                            0x00002d78   Section        0  st7735.o(i.fillmessage)
    i.find_volume                            0x00002dc0   Section        0  ff.o(i.find_volume)
    find_volume                              0x00002dc1   Thumb Code   890  ff.o(i.find_volume)
    i.free                                   0x0000314c   Section        0  malloc.o(i.free)
    i.get_ldnumber                           0x0000319c   Section        0  ff.o(i.get_ldnumber)
    get_ldnumber                             0x0000319d   Thumb Code    74  ff.o(i.get_ldnumber)
    i.inHeap                                 0x000031e8   Section        0  heap.o(i.inHeap)
    i.incrementTime                          0x00003204   Section        0  os.o(i.incrementTime)
    incrementTime                            0x00003205   Thumb Code    22  os.o(i.incrementTime)
    i.init                                   0x00003224   Section        0  pong.o(i.init)
    init                                     0x00003225   Thumb Code   140  pong.o(i.init)
    i.init_spi                               0x000032b8   Section        0  edisk.o(i.init_spi)
    init_spi                                 0x000032b9   Thumb Code    32  edisk.o(i.init_spi)
    i.main                                   0x000032e0   Section        0  lab7.o(i.main)
    i.malloc                                 0x000032ec   Section        0  malloc.o(i.malloc)
    i.mergeWithBot                           0x00003358   Section        0  heap.o(i.mergeWithBot)
    i.move_window                            0x0000337a   Section        0  ff.o(i.move_window)
    move_window                              0x0000337b   Thumb Code    52  ff.o(i.move_window)
    i.pushColor                              0x000033ae   Section        0  st7735.o(i.pushColor)
    pushColor                                0x000033af   Thumb Code    18  st7735.o(i.pushColor)
    i.rcvr_datablock                         0x000033c0   Section        0  edisk.o(i.rcvr_datablock)
    rcvr_datablock                           0x000033c1   Thumb Code    66  edisk.o(i.rcvr_datablock)
    i.rcvr_spi                               0x00003408   Section        0  edisk.o(i.rcvr_spi)
    rcvr_spi                                 0x00003409   Thumb Code    42  edisk.o(i.rcvr_spi)
    i.rcvr_spi_multi                         0x00003438   Section        0  edisk.o(i.rcvr_spi_multi)
    rcvr_spi_multi                           0x00003439   Thumb Code    24  edisk.o(i.rcvr_spi_multi)
    i.select                                 0x00003450   Section        0  edisk.o(i.select)
    select                                   0x00003451   Thumb Code    44  edisk.o(i.select)
    i.send_cmd                               0x00003480   Section        0  edisk.o(i.send_cmd)
    send_cmd                                 0x00003481   Thumb Code   150  edisk.o(i.send_cmd)
    i.setAddrWindow                          0x00003518   Section        0  st7735.o(i.setAddrWindow)
    setAddrWindow                            0x00003519   Thumb Code   106  st7735.o(i.setAddrWindow)
    i.sleepTask                              0x0000358c   Section        0  os.o(i.sleepTask)
    sleepTask                                0x0000358d   Thumb Code   122  os.o(i.sleepTask)
    i.sync_window                            0x00003610   Section        0  ff.o(i.sync_window)
    sync_window                              0x00003611   Thumb Code    82  ff.o(i.sync_window)
    i.unlinkNodeFromActive                   0x00003664   Section        0  os.o(i.unlinkNodeFromActive)
    unlinkNodeFromActive                     0x00003665   Thumb Code    60  os.o(i.unlinkNodeFromActive)
    i.validPointer                           0x000036a8   Section        0  heap.o(i.validPointer)
    i.wait_ready                             0x000036dc   Section        0  edisk.o(i.wait_ready)
    wait_ready                               0x000036dd   Thumb Code    42  edisk.o(i.wait_ready)
    i.writecommand                           0x0000370c   Section        0  st7735.o(i.writecommand)
    writecommand                             0x0000370d   Thumb Code    68  st7735.o(i.writecommand)
    i.writedata                              0x0000375c   Section        0  st7735.o(i.writedata)
    writedata                                0x0000375d   Thumb Code    70  st7735.o(i.writedata)
    i.xchg_spi                               0x000037b0   Section        0  edisk.o(i.xchg_spi)
    xchg_spi                                 0x000037b1   Thumb Code    50  edisk.o(i.xchg_spi)
    i.xmit_datablock                         0x000037e8   Section        0  edisk.o(i.xmit_datablock)
    xmit_datablock                           0x000037e9   Thumb Code    76  edisk.o(i.xmit_datablock)
    i.xmit_spi_multi                         0x00003834   Section        0  edisk.o(i.xmit_spi_multi)
    xmit_spi_multi                           0x00003835   Thumb Code    42  edisk.o(i.xmit_spi_multi)
    .constdata                               0x00003864   Section        8  os.o(.constdata)
    .constdata                               0x0000386c   Section     2114  st7735.o(.constdata)
    Font                                     0x0000386c   Data        1275  st7735.o(.constdata)
    Bcmd                                     0x00003d67   Data         103  st7735.o(.constdata)
    Rcmd1                                    0x00003dce   Data          59  st7735.o(.constdata)
    Rcmd2green                               0x00003e09   Data          13  st7735.o(.constdata)
    Rcmd2red                                 0x00003e16   Data          13  st7735.o(.constdata)
    Rcmd3                                    0x00003e23   Data          43  st7735.o(.constdata)
    .constdata                               0x000040ae   Section       54  esp8266.o(.constdata)
    ESP8266_READY_RESPONSE                   0x000040ae   Data          10  esp8266.o(.constdata)
    ESP8266_OK_RESPONSE                      0x000040b8   Data           7  esp8266.o(.constdata)
    ESP8266_ERROR_RESPONSE                   0x000040bf   Data          10  esp8266.o(.constdata)
    ESP8266_FAIL_RESPONSE                    0x000040c9   Data           9  esp8266.o(.constdata)
    ESP8266_SENDOK_RESPONSE                  0x000040d2   Data          12  esp8266.o(.constdata)
    .constdata                               0x000040e4   Section      268  interrupt.o(.constdata)
    g_pui32Priority                          0x000040e4   Data          32  interrupt.o(.constdata)
    g_pui32Regs                              0x00004104   Data         156  interrupt.o(.constdata)
    g_pui32EnRegs                            0x000041a0   Data          20  interrupt.o(.constdata)
    g_pui32Dii16Regs                         0x000041b4   Data          20  interrupt.o(.constdata)
    g_pui32PendRegs                          0x000041c8   Data          20  interrupt.o(.constdata)
    g_pui32UnpendRegs                        0x000041dc   Data          20  interrupt.o(.constdata)
    .data                                    0x20000000   Section      101  os.o(.data)
    MsTime                                   0x20000020   Data           4  os.o(.data)
    UntouchedTime                            0x20000024   Data           4  os.o(.data)
    systemTime                               0x20000028   Data           4  os.o(.data)
    LastTime1                                0x20000058   Data           4  os.o(.data)
    LastTime2                                0x2000005c   Data           4  os.o(.data)
    pidCount                                 0x20000060   Data           4  os.o(.data)
    periodicTasks                            0x20000064   Data           1  os.o(.data)
    .data                                    0x20000068   Section       44  st7735.o(.data)
    ColStart                                 0x20000072   Data           1  st7735.o(.data)
    RowStart                                 0x20000073   Data           1  st7735.o(.data)
    Rotation                                 0x20000074   Data           1  st7735.o(.data)
    TabColor                                 0x20000075   Data           1  st7735.o(.data)
    _width                                   0x20000076   Data           2  st7735.o(.data)
    _height                                  0x20000078   Data           2  st7735.o(.data)
    .data                                    0x20000094   Section       16  uart0int.o(.data)
    .data                                    0x200000a4   Section       13  edisk.o(.data)
    Stat                                     0x200000a4   Data           1  edisk.o(.data)
    Timer1                                   0x200000a8   Data           4  edisk.o(.data)
    Timer2                                   0x200000ac   Data           4  edisk.o(.data)
    CardType                                 0x200000b0   Data           1  edisk.o(.data)
    .data                                    0x200000b4   Section        6  ff.o(.data)
    FatFs                                    0x200000b4   Data           4  ff.o(.data)
    Fsid                                     0x200000b8   Data           2  ff.o(.data)
    .data                                    0x200000bc   Section        8  adct0atrigger.o(.data)
    .data                                    0x200000c4   Section        4  wtimer0a.o(.data)
    .data                                    0x200000c8   Section       16  can0.o(.data)
    RCVData                                  0x200000d0   Data           4  can0.o(.data)
    MailFlag                                 0x200000d4   Data           4  can0.o(.data)
    .data                                    0x200000d8   Section       60  esp8266.o(.data)
    ReceiveDataSearchIndex                   0x200000fc   Data           4  esp8266.o(.data)
    ReceiveDataState                         0x20000100   Data           4  esp8266.o(.data)
    ReceiveDataStream                        0x20000104   Data           4  esp8266.o(.data)
    ReceiveDataLen                           0x20000108   Data           4  esp8266.o(.data)
    .data                                    0x20000114   Section        4  timer5a.o(.data)
    .data                                    0x20000118   Section       16  wtimer1a.o(.data)
    Period                                   0x2000011c   Data           4  wtimer1a.o(.data)
    LastTime1                                0x20000120   Data           4  wtimer1a.o(.data)
    work1                                    0x20000124   Data           4  wtimer1a.o(.data)
    .data                                    0x20000128   Section       16  wtimer1b.o(.data)
    Period                                   0x20000128   Data           4  wtimer1b.o(.data)
    LastTime2                                0x20000130   Data           4  wtimer1b.o(.data)
    work2                                    0x20000134   Data           4  wtimer1b.o(.data)
    .data                                    0x20000138   Section       44  lab7.o(.data)
    .data                                    0x20000164   Section        9  pong.o(.data)
    Score                                    0x20000164   Data           8  pong.o(.data)
    GameEnd                                  0x2000016c   Data           1  pong.o(.data)
    .data                                    0x20000170   Section        4  rand.o(.data)
    _rand_state                              0x20000170   Data           4  rand.o(.data)
    .data                                    0x20000174   Section        4  mvars.o(.data)
    .data                                    0x20000178   Section        4  mvars.o(.data)
    .bss                                     0x2000017c   Section     3832  os.o(.bss)
    OSFifo                                   0x2000085c   Data        2048  os.o(.bss)
    .bss                                     0x20001074   Section       24  st7735.o(.bss)
    .bss                                     0x2000108c   Section     2072  uart0int.o(.bss)
    RxFifo                                   0x2000108c   Data        1024  uart0int.o(.bss)
    TxFifo                                   0x2000148c   Data        1024  uart0int.o(.bss)
    .bss                                     0x200018a4   Section     1164  efile.o(.bss)
    g_sFatFs                                 0x200018a4   Data         564  efile.o(.bss)
    d                                        0x20001ad8   Data          28  efile.o(.bss)
    f                                        0x20001af4   Data         548  efile.o(.bss)
    fi                                       0x20001d18   Data          24  efile.o(.bss)
    .bss                                     0x20001d30   Section     2000  heap.o(.bss)
    Heap                                     0x20001d30   Data        2000  heap.o(.bss)
    .bss                                     0x20002500   Section     3108  esp8266.o(.bss)
    ESP8266RxFifo                            0x20002500   Data        1024  esp8266.o(.bss)
    ESP8266Rx0Fifo                           0x20002900   Data        1024  esp8266.o(.bss)
    ESP8266TxFifo                            0x20002d00   Data        1024  esp8266.o(.bss)
    .bss                                     0x20003124   Section      128  pong.o(.bss)
    ScoreMutex                               0x20003124   Data          12  pong.o(.bss)
    Win                                      0x20003130   Data          12  pong.o(.bss)
    GoRight                                  0x2000313c   Data          12  pong.o(.bss)
    GoLeft                                   0x20003148   Data          12  pong.o(.bss)
    PlayerPadMutex                           0x20003154   Data          12  pong.o(.bss)
    AIPadMutex                               0x20003160   Data          12  pong.o(.bss)
    HEAP                                     0x200031a8   Section        0  startup.o(HEAP)
    STACK                                    0x200031a8   Section     1024  startup.o(STACK)
    StackMem                                 0x200031a8   Data           0  startup.o(STACK)

    Global Symbols

    Symbol Name                              Value     Ov Type        Size  Object(Section)

    BuildAttributes$$THM_ISAv4$E$P$D$K$B$S$7EM$PE$A:L22UL41UL21$X:L11$S22US41US21$IEEE1$IW$USESV6$~STKCKD$USESV7$~SHL$OSPACE$ROPI$EBA8$MICROLIB$REQ8$PRES8$EABIv2 0x00000000   Number         0  anon$$obj.o ABSOLUTE
    __ARM_use_no_argv                        0x00000000   Number         0  lab7.o ABSOLUTE
    __Vectors                                0x00000000   Data           0  startup.o(RESET)
    _printf_a                                0x00000000   Number         0  stubs.o ABSOLUTE
    _printf_c                                0x00000000   Number         0  stubs.o ABSOLUTE
    _printf_charcount                        0x00000000   Number         0  stubs.o ABSOLUTE
    _printf_d                                0x00000000   Number         0  stubs.o ABSOLUTE
    _printf_e                                0x00000000   Number         0  stubs.o ABSOLUTE
    _printf_f                                0x00000000   Number         0  stubs.o ABSOLUTE
    _printf_flags                            0x00000000   Number         0  stubs.o ABSOLUTE
    _printf_fp_dec                           0x00000000   Number         0  stubs.o ABSOLUTE
    _printf_fp_hex                           0x00000000   Number         0  stubs.o ABSOLUTE
    _printf_g                                0x00000000   Number         0  stubs.o ABSOLUTE
    _printf_i                                0x00000000   Number         0  stubs.o ABSOLUTE
    _printf_int_dec                          0x00000000   Number         0  stubs.o ABSOLUTE
    _printf_l                                0x00000000   Number         0  stubs.o ABSOLUTE
    _printf_lc                               0x00000000   Number         0  stubs.o ABSOLUTE
    _printf_ll                               0x00000000   Number         0  stubs.o ABSOLUTE
    _printf_lld                              0x00000000   Number         0  stubs.o ABSOLUTE
    _printf_lli                              0x00000000   Number         0  stubs.o ABSOLUTE
    _printf_llo                              0x00000000   Number         0  stubs.o ABSOLUTE
    _printf_llu                              0x00000000   Number         0  stubs.o ABSOLUTE
    _printf_llx                              0x00000000   Number         0  stubs.o ABSOLUTE
    _printf_longlong_dec                     0x00000000   Number         0  stubs.o ABSOLUTE
    _printf_longlong_hex                     0x00000000   Number         0  stubs.o ABSOLUTE
    _printf_longlong_oct                     0x00000000   Number         0  stubs.o ABSOLUTE
    _printf_ls                               0x00000000   Number         0  stubs.o ABSOLUTE
    _printf_mbtowc                           0x00000000   Number         0  stubs.o ABSOLUTE
    _printf_n                                0x00000000   Number         0  stubs.o ABSOLUTE
    _printf_o                                0x00000000   Number         0  stubs.o ABSOLUTE
    _printf_p                                0x00000000   Number         0  stubs.o ABSOLUTE
    _printf_percent                          0x00000000   Number         0  stubs.o ABSOLUTE
    _printf_pre_padding                      0x00000000   Number         0  stubs.o ABSOLUTE
    _printf_return_value                     0x00000000   Number         0  stubs.o ABSOLUTE
    _printf_s                                0x00000000   Number         0  stubs.o ABSOLUTE
    _printf_sizespec                         0x00000000   Number         0  stubs.o ABSOLUTE
    _printf_str                              0x00000000   Number         0  stubs.o ABSOLUTE
    _printf_truncate_signed                  0x00000000   Number         0  stubs.o ABSOLUTE
    _printf_truncate_unsigned                0x00000000   Number         0  stubs.o ABSOLUTE
    _printf_u                                0x00000000   Number         0  stubs.o ABSOLUTE
    _printf_wc                               0x00000000   Number         0  stubs.o ABSOLUTE
    _printf_wctomb                           0x00000000   Number         0  stubs.o ABSOLUTE
    _printf_widthprec                        0x00000000   Number         0  stubs.o ABSOLUTE
    _printf_x                                0x00000000   Number         0  stubs.o ABSOLUTE
    __cpp_initialize__aeabi_                  - Undefined Weak Reference
    __cxa_finalize                            - Undefined Weak Reference
    _clock_init                               - Undefined Weak Reference
    _microlib_exit                            - Undefined Weak Reference
    Reset_Handler                            0x0000026d   Thumb Code     0  startup.o(RESET)
    NMI_Handler                              0x00000271   Thumb Code     2  startup.o(RESET)
    HardFault_Handler                        0x00000273   Thumb Code     2  startup.o(RESET)
    MemManage_Handler                        0x00000275   Thumb Code     2  startup.o(RESET)
    BusFault_Handler                         0x00000277   Thumb Code     2  startup.o(RESET)
    UsageFault_Handler                       0x00000279   Thumb Code     2  startup.o(RESET)
    DebugMon_Handler                         0x0000027d   Thumb Code     2  startup.o(RESET)
    ADC0Seq1_Handler                         0x00000283   Thumb Code     0  startup.o(RESET)
    ADC0Seq2_Handler                         0x00000283   Thumb Code     0  startup.o(RESET)
    ADC1Seq0_Handler                         0x00000283   Thumb Code     0  startup.o(RESET)
    ADC1Seq1_Handler                         0x00000283   Thumb Code     0  startup.o(RESET)
    ADC1Seq2_Handler                         0x00000283   Thumb Code     0  startup.o(RESET)
    ADC1Seq3_Handler                         0x00000283   Thumb Code     0  startup.o(RESET)
    CAN1_Handler                             0x00000283   Thumb Code     0  startup.o(RESET)
    CAN2_Handler                             0x00000283   Thumb Code     0  startup.o(RESET)
    Comp0_Handler                            0x00000283   Thumb Code     0  startup.o(RESET)
    Comp1_Handler                            0x00000283   Thumb Code     0  startup.o(RESET)
    Comp2_Handler                            0x00000283   Thumb Code     0  startup.o(RESET)
    Ethernet_Handler                         0x00000283   Thumb Code     0  startup.o(RESET)
    ExtBus_Handler                           0x00000283   Thumb Code     0  startup.o(RESET)
    FPU_Handler                              0x00000283   Thumb Code     0  startup.o(RESET)
    Fan0_Handler                             0x00000283   Thumb Code     0  startup.o(RESET)
    FlashCtl_Handler                         0x00000283   Thumb Code     0  startup.o(RESET)
    GPIOPortA_Handler                        0x00000283   Thumb Code     0  startup.o(RESET)
    GPIOPortB_Handler                        0x00000283   Thumb Code     0  startup.o(RESET)
    GPIOPortC_Handler                        0x00000283   Thumb Code     0  startup.o(RESET)
    GPIOPortD_Handler                        0x00000283   Thumb Code     0  startup.o(RESET)
    GPIOPortE_Handler                        0x00000283   Thumb Code     0  startup.o(RESET)
    GPIOPortG_Handler                        0x00000283   Thumb Code     0  startup.o(RESET)
    GPIOPortH_Handler                        0x00000283   Thumb Code     0  startup.o(RESET)
    GPIOPortJ_Handler                        0x00000283   Thumb Code     0  startup.o(RESET)
    GPIOPortK_Handler                        0x00000283   Thumb Code     0  startup.o(RESET)
    GPIOPortL_Handler                        0x00000283   Thumb Code     0  startup.o(RESET)
    GPIOPortM_Handler                        0x00000283   Thumb Code     0  startup.o(RESET)
    GPIOPortN_Handler                        0x00000283   Thumb Code     0  startup.o(RESET)
    GPIOPortP1_Handler                       0x00000283   Thumb Code     0  startup.o(RESET)
    GPIOPortP2_Handler                       0x00000283   Thumb Code     0  startup.o(RESET)
    GPIOPortP3_Handler                       0x00000283   Thumb Code     0  startup.o(RESET)
    GPIOPortP4_Handler                       0x00000283   Thumb Code     0  startup.o(RESET)
    GPIOPortP5_Handler                       0x00000283   Thumb Code     0  startup.o(RESET)
    GPIOPortP6_Handler                       0x00000283   Thumb Code     0  startup.o(RESET)
    GPIOPortP7_Handler                       0x00000283   Thumb Code     0  startup.o(RESET)
    GPIOPortP_Handler                        0x00000283   Thumb Code     0  startup.o(RESET)
    GPIOPortQ1_Handler                       0x00000283   Thumb Code     0  startup.o(RESET)
    GPIOPortQ2_Handler                       0x00000283   Thumb Code     0  startup.o(RESET)
    GPIOPortQ3_Handler                       0x00000283   Thumb Code     0  startup.o(RESET)
    GPIOPortQ4_Handler                       0x00000283   Thumb Code     0  startup.o(RESET)
    GPIOPortQ5_Handler                       0x00000283   Thumb Code     0  startup.o(RESET)
    GPIOPortQ6_Handler                       0x00000283   Thumb Code     0  startup.o(RESET)
    GPIOPortQ7_Handler                       0x00000283   Thumb Code     0  startup.o(RESET)
    GPIOPortQ_Handler                        0x00000283   Thumb Code     0  startup.o(RESET)
    GPIOPortR_Handler                        0x00000283   Thumb Code     0  startup.o(RESET)
    GPIOPortS_Handler                        0x00000283   Thumb Code     0  startup.o(RESET)
    Hibernate_Handler                        0x00000283   Thumb Code     0  startup.o(RESET)
    I2C0_Handler                             0x00000283   Thumb Code     0  startup.o(RESET)
    I2C1_Handler                             0x00000283   Thumb Code     0  startup.o(RESET)
    I2C2_Handler                             0x00000283   Thumb Code     0  startup.o(RESET)
    I2C3_Handler                             0x00000283   Thumb Code     0  startup.o(RESET)
    I2C4_Handler                             0x00000283   Thumb Code     0  startup.o(RESET)
    I2C5_Handler                             0x00000283   Thumb Code     0  startup.o(RESET)
    I2S0_Handler                             0x00000283   Thumb Code     0  startup.o(RESET)
    LPC0_Handler                             0x00000283   Thumb Code     0  startup.o(RESET)
    PECI0_Handler                            0x00000283   Thumb Code     0  startup.o(RESET)
    PWM0Fault_Handler                        0x00000283   Thumb Code     0  startup.o(RESET)
    PWM0Generator0_Handler                   0x00000283   Thumb Code     0  startup.o(RESET)
    PWM0Generator1_Handler                   0x00000283   Thumb Code     0  startup.o(RESET)
    PWM0Generator2_Handler                   0x00000283   Thumb Code     0  startup.o(RESET)
    PWM0Generator3_Handler                   0x00000283   Thumb Code     0  startup.o(RESET)
    PWM1Fault_Handler                        0x00000283   Thumb Code     0  startup.o(RESET)
    PWM1Generator0_Handler                   0x00000283   Thumb Code     0  startup.o(RESET)
    PWM1Generator1_Handler                   0x00000283   Thumb Code     0  startup.o(RESET)
    PWM1Generator2_Handler                   0x00000283   Thumb Code     0  startup.o(RESET)
    PWM1Generator3_Handler                   0x00000283   Thumb Code     0  startup.o(RESET)
    Quadrature0_Handler                      0x00000283   Thumb Code     0  startup.o(RESET)
    Quadrature1_Handler                      0x00000283   Thumb Code     0  startup.o(RESET)
    Quadrature2_Handler                      0x00000283   Thumb Code     0  startup.o(RESET)
    SSI0_Handler                             0x00000283   Thumb Code     0  startup.o(RESET)
    SSI1_Handler                             0x00000283   Thumb Code     0  startup.o(RESET)
    SSI2_Handler                             0x00000283   Thumb Code     0  startup.o(RESET)
    SSI3_Handler                             0x00000283   Thumb Code     0  startup.o(RESET)
    SysCtl_Handler                           0x00000283   Thumb Code     0  startup.o(RESET)
    Timer0A_Handler                          0x00000283   Thumb Code     0  startup.o(RESET)
    Timer0B_Handler                          0x00000283   Thumb Code     0  startup.o(RESET)
    Timer1A_Handler                          0x00000283   Thumb Code     0  startup.o(RESET)
    Timer1B_Handler                          0x00000283   Thumb Code     0  startup.o(RESET)
    Timer2A_Handler                          0x00000283   Thumb Code     0  startup.o(RESET)
    Timer2B_Handler                          0x00000283   Thumb Code     0  startup.o(RESET)
    Timer3A_Handler                          0x00000283   Thumb Code     0  startup.o(RESET)
    Timer3B_Handler                          0x00000283   Thumb Code     0  startup.o(RESET)
    Timer4A_Handler                          0x00000283   Thumb Code     0  startup.o(RESET)
    Timer4B_Handler                          0x00000283   Thumb Code     0  startup.o(RESET)
    Timer5B_Handler                          0x00000283   Thumb Code     0  startup.o(RESET)
    UART1_Handler                            0x00000283   Thumb Code     0  startup.o(RESET)
    UART3_Handler                            0x00000283   Thumb Code     0  startup.o(RESET)
    UART4_Handler                            0x00000283   Thumb Code     0  startup.o(RESET)
    UART5_Handler                            0x00000283   Thumb Code     0  startup.o(RESET)
    UART6_Handler                            0x00000283   Thumb Code     0  startup.o(RESET)
    UART7_Handler                            0x00000283   Thumb Code     0  startup.o(RESET)
    USB0_Handler                             0x00000283   Thumb Code     0  startup.o(RESET)
    WDT_Handler                              0x00000283   Thumb Code     0  startup.o(RESET)
    WideTimer0B_Handler                      0x00000283   Thumb Code     0  startup.o(RESET)
    WideTimer2A_Handler                      0x00000283   Thumb Code     0  startup.o(RESET)
    WideTimer2B_Handler                      0x00000283   Thumb Code     0  startup.o(RESET)
    WideTimer3A_Handler                      0x00000283   Thumb Code     0  startup.o(RESET)
    WideTimer3B_Handler                      0x00000283   Thumb Code     0  startup.o(RESET)
    WideTimer4A_Handler                      0x00000283   Thumb Code     0  startup.o(RESET)
    WideTimer4B_Handler                      0x00000283   Thumb Code     0  startup.o(RESET)
    WideTimer5A_Handler                      0x00000283   Thumb Code     0  startup.o(RESET)
    WideTimer5B_Handler                      0x00000283   Thumb Code     0  startup.o(RESET)
    uDMA_Error                               0x00000283   Thumb Code     0  startup.o(RESET)
    uDMA_Handler                             0x00000283   Thumb Code     0  startup.o(RESET)
    __main                                   0x00000285   Thumb Code     0  entry.o(.ARM.Collect$$$$00000000)
    _main_stk                                0x00000285   Thumb Code     0  entry2.o(.ARM.Collect$$$$00000001)
    _main_scatterload                        0x00000289   Thumb Code     0  entry5.o(.ARM.Collect$$$$00000004)
    __main_after_scatterload                 0x0000028d   Thumb Code     0  entry5.o(.ARM.Collect$$$$00000004)
    _main_clock                              0x0000028d   Thumb Code     0  entry7b.o(.ARM.Collect$$$$00000008)
    _main_cpp_init                           0x0000028d   Thumb Code     0  entry8b.o(.ARM.Collect$$$$0000000A)
    _main_init                               0x0000028d   Thumb Code     0  entry9a.o(.ARM.Collect$$$$0000000B)
    __rt_final_cpp                           0x00000295   Thumb Code     0  entry10a.o(.ARM.Collect$$$$0000000D)
    __rt_final_exit                          0x00000295   Thumb Code     0  entry11a.o(.ARM.Collect$$$$0000000F)
    DisableInterrupts                        0x00000299   Thumb Code     0  startup.o(.text)
    EnableInterrupts                         0x0000029d   Thumb Code     0  startup.o(.text)
    StartCritical                            0x000002a1   Thumb Code     0  startup.o(.text)
    EndCritical                              0x000002a9   Thumb Code     0  startup.o(.text)
    WaitForInterrupt                         0x000002af   Thumb Code     0  startup.o(.text)
    StartOS                                  0x000002b5   Thumb Code     0  osasm.o(.text)
    ContextSwitch                            0x000002d5   Thumb Code     0  osasm.o(.text)
    PendSV_Handler                           0x000002df   Thumb Code     0  osasm.o(.text)
    SVC_Handler                              0x00000305   Thumb Code     0  osasm.o(.text)
    rand                                     0x00000359   Thumb Code    20  rand.o(.text)
    srand                                    0x0000036d   Thumb Code     6  rand.o(.text)
    __scatterload                            0x0000037d   Thumb Code    28  init.o(.text)
    __scatterload_rt2                        0x0000037d   Thumb Code     0  init.o(.text)
    __decompress                             0x000003a1   Thumb Code     0  __dczerorl.o(.text)
    __decompress0                            0x000003a1   Thumb Code    58  __dczerorl.o(.text)
    ADC0Seq0_Handler                         0x000003dd   Thumb Code    26  adct0atrigger.o(i.ADC0Seq0_Handler)
    ADC0Seq3_Handler                         0x00000401   Thumb Code    18  adct0atrigger.o(i.ADC0Seq3_Handler)
    AppMain                                  0x0000041d   Thumb Code    66  lab7.o(i.AppMain)
    CAN0_Handler                             0x000004c5   Thumb Code   118  can0.o(i.CAN0_Handler)
    CANIntClear                              0x00000583   Thumb Code    80  can.o(i.CANIntClear)
    CANIntStatus                             0x000005fd   Thumb Code    60  can.o(i.CANIntStatus)
    CANMessageGet                            0x00000639   Thumb Code   438  can.o(i.CANMessageGet)
    CANStatusGet                             0x00000855   Thumb Code   124  can.o(i.CANStatusGet)
    CS_Init                                  0x000008d1   Thumb Code   118  edisk.o(i.CS_Init)
    Delay1ms                                 0x000009c7   Thumb Code    32  st7735.o(i.Delay1ms)
    ESP8266Rx0Fifo_Put                       0x00000a31   Thumb Code    48  esp8266.o(i.ESP8266Rx0Fifo_Put)
    ESP8266RxFifo_Put                        0x00000a6d   Thumb Code    48  esp8266.o(i.ESP8266RxFifo_Put)
    ESP8266RxFifo_Size                       0x00000aa9   Thumb Code    14  esp8266.o(i.ESP8266RxFifo_Size)
    ESP8266TxFifo_Get                        0x00000b11   Thumb Code    46  esp8266.o(i.ESP8266TxFifo_Get)
    ESP8266TxFifo_Size                       0x00000b4d   Thumb Code    14  esp8266.o(i.ESP8266TxFifo_Size)
    GPIOPortF_Handler                        0x00000b65   Thumb Code   112  os.o(i.GPIOPortF_Handler)
    Heap_Free                                0x00000be9   Thumb Code   184  heap.o(i.Heap_Free)
    Heap_Init                                0x00000ca1   Thumb Code    14  heap.o(i.Heap_Init)
    Idle                                     0x00000cb9   Thumb Code    36  lab7.o(i.Idle)
    IntDisable                               0x00000ce5   Thumb Code   108  interrupt.o(i.IntDisable)
    IntEnable                                0x00000d59   Thumb Code   108  interrupt.o(i.IntEnable)
    LaunchPad_Init                           0x00000dcd   Thumb Code    70  launchpad.o(i.LaunchPad_Init)
    OS_AddSW1Task                            0x00000ff1   Thumb Code   108  os.o(i.OS_AddSW1Task)
    OS_AddSW2Task                            0x00001071   Thumb Code    84  os.o(i.OS_AddSW2Task)
    OS_AddThread                             0x000010d1   Thumb Code   190  os.o(i.OS_AddThread)
    OS_ClearMsTime                           0x00001199   Thumb Code     8  os.o(i.OS_ClearMsTime)
    OS_Id                                    0x000011a5   Thumb Code    10  os.o(i.OS_Id)
    OS_Init                                  0x000011b5   Thumb Code    92  os.o(i.OS_Init)
    OS_InitSemaphore                         0x00001231   Thumb Code     8  os.o(i.OS_InitSemaphore)
    OS_Kill                                  0x00001239   Thumb Code   152  os.o(i.OS_Kill)
    OS_Launch                                0x000012d9   Thumb Code    56  os.o(i.OS_Launch)
    OS_Signal                                0x0000131d   Thumb Code    54  os.o(i.OS_Signal)
    OS_Sleep                                 0x00001355   Thumb Code    84  os.o(i.OS_Sleep)
    OS_Suspend                               0x000013b5   Thumb Code    18  os.o(i.OS_Suspend)
    OS_Time                                  0x000013cd   Thumb Code    10  os.o(i.OS_Time)
    OS_TimeDifference                        0x000013e1   Thumb Code     6  os.o(i.OS_TimeDifference)
    OS_Wait                                  0x000013e9   Thumb Code   120  os.o(i.OS_Wait)
    OS_bSignal                               0x00001465   Thumb Code    12  os.o(i.OS_bSignal)
    OS_bWait                                 0x00001471   Thumb Code    12  os.o(i.OS_bWait)
    PLL_Init                                 0x0000147d   Thumb Code   120  pll.o(i.PLL_Init)
    Pong                                     0x000016f1   Thumb Code   182  pong.o(i.Pong)
    PortD_Init                               0x000017fd   Thumb Code    88  lab7.o(i.PortD_Init)
    ReceiveDataFilter                        0x00001865   Thumb Code   290  esp8266.o(i.ReceiveDataFilter)
    RxFifo_Init                              0x000019a9   Thumb Code    12  uart0int.o(i.RxFifo_Init)
    RxFifo_Put                               0x000019bd   Thumb Code    48  uart0int.o(i.RxFifo_Put)
    RxFifo_Size                              0x000019f9   Thumb Code    14  uart0int.o(i.RxFifo_Size)
    SSI0_Init                                0x00001a11   Thumb Code   302  edisk.o(i.SSI0_Init)
    ST7735_DrawCharS                         0x00001b5d   Thumb Code   236  st7735.o(i.ST7735_DrawCharS)
    ST7735_DrawPixel                         0x00001c55   Thumb Code    64  st7735.o(i.ST7735_DrawPixel)
    ST7735_DrawString                        0x00001c9d   Thumb Code    86  st7735.o(i.ST7735_DrawString)
    ST7735_FillRect                          0x00001cf5   Thumb Code   164  st7735.o(i.ST7735_FillRect)
    ST7735_FillScreen                        0x00001da1   Thumb Code    28  st7735.o(i.ST7735_FillScreen)
    ST7735_InitR                             0x00001dc5   Thumb Code    98  st7735.o(i.ST7735_InitR)
    ST7735_OutChar                           0x00001e4d   Thumb Code   176  st7735.o(i.ST7735_OutChar)
    ST7735_OutString                         0x00001f21   Thumb Code    24  st7735.o(i.ST7735_OutString)
    ST7735_OutUDec                           0x00001f39   Thumb Code   118  st7735.o(i.ST7735_OutUDec)
    ST7735_SetCursor                         0x00001fc5   Thumb Code    22  st7735.o(i.ST7735_SetCursor)
    Scheduler                                0x00001fe5   Thumb Code    10  os.o(i.Scheduler)
    SetInitialStack                          0x00001ff9   Thumb Code   124  os.o(i.SetInitialStack)
    SysTick_Handler                          0x00002095   Thumb Code    48  os.o(i.SysTick_Handler)
    SysTick_Init                             0x000020d9   Thumb Code    38  os.o(i.SysTick_Init)
    Timer5A_Handler                          0x00002101   Thumb Code    16  timer5a.o(i.Timer5A_Handler)
    Timer5A_Init                             0x00002119   Thumb Code    76  timer5a.o(i.Timer5A_Init)
    TxFifo_Get                               0x00002179   Thumb Code    46  uart0int.o(i.TxFifo_Get)
    TxFifo_Init                              0x000021b5   Thumb Code    12  uart0int.o(i.TxFifo_Init)
    TxFifo_Put                               0x000021c9   Thumb Code    48  uart0int.o(i.TxFifo_Put)
    TxFifo_Size                              0x00002205   Thumb Code    14  uart0int.o(i.TxFifo_Size)
    UART0_Handler                            0x0000221d   Thumb Code    82  uart0int.o(i.UART0_Handler)
    UART2_Handler                            0x00002275   Thumb Code    82  esp8266.o(i.UART2_Handler)
    UART_Init                                0x000022cd   Thumb Code   192  uart0int.o(i.UART_Init)
    UART_OutChar                             0x000023ad   Thumb Code    46  uart0int.o(i.UART_OutChar)
    UART_OutCharNonBlock                     0x000023e5   Thumb Code    46  uart0int.o(i.UART_OutCharNonBlock)
    UART_OutString                           0x00002419   Thumb Code    24  uart0int.o(i.UART_OutString)
    WideTimer0A_Handler                      0x00002491   Thumb Code    16  wtimer0a.o(i.WideTimer0A_Handler)
    WideTimer0A_Init                         0x000024a9   Thumb Code    78  wtimer0a.o(i.WideTimer0A_Init)
    WideTimer1A_Handler                      0x0000250d   Thumb Code   130  wtimer1a.o(i.WideTimer1A_Handler)
    WideTimer1B_Handler                      0x000025b1   Thumb Code   132  wtimer1b.o(i.WideTimer1B_Handler)
    __scatterload_copy                       0x00002655   Thumb Code    14  handlers.o(i.__scatterload_copy)
    __scatterload_null                       0x00002663   Thumb Code     2  handlers.o(i.__scatterload_null)
    __scatterload_zeroinit                   0x00002665   Thumb Code    14  handlers.o(i.__scatterload_zeroinit)
    eDisk_Init                               0x00002a31   Thumb Code   330  edisk.o(i.eDisk_Init)
    eDisk_Read                               0x00002b8d   Thumb Code   136  edisk.o(i.eDisk_Read)
    eDisk_Status                             0x00002c1d   Thumb Code    14  edisk.o(i.eDisk_Status)
    eDisk_Write                              0x00002c31   Thumb Code   170  edisk.o(i.eDisk_Write)
    eFile_Init                               0x00002ce5   Thumb Code     4  efile.o(i.eFile_Init)
    eFile_Mount                              0x00002ce9   Thumb Code    40  efile.o(i.eFile_Mount)
    f_mount                                  0x00002d1d   Thumb Code    86  ff.o(i.f_mount)
    fillmessage                              0x00002d79   Thumb Code    64  st7735.o(i.fillmessage)
    free                                     0x0000314d   Thumb Code    76  malloc.o(i.free)
    inHeap                                   0x000031e9   Thumb Code    24  heap.o(i.inHeap)
    main                                     0x000032e1   Thumb Code    10  lab7.o(i.main)
    malloc                                   0x000032ed   Thumb Code    92  malloc.o(i.malloc)
    mergeWithBot                             0x00003359   Thumb Code    34  heap.o(i.mergeWithBot)
    validPointer                             0x000036a9   Thumb Code    48  heap.o(i.validPointer)
    JitterSize                               0x00003864   Data           4  os.o(.constdata)
    JitterSize2                              0x00003868   Data           4  os.o(.constdata)
    smallCircle                              0x00003e4e   Data          36  st7735.o(.constdata)
    circle                                   0x00003e72   Data          60  st7735.o(.constdata)
    dBfs                                     0x00003eae   Data         512  st7735.o(.constdata)
    ReceiveDataSearchString                  0x000040de   Data           6  esp8266.o(.constdata)
    Region$$Table$$Base                      0x000041f0   Number         0  anon$$obj.o(Region$$Table)
    Region$$Table$$Limit                     0x00004210   Number         0  anon$$obj.o(Region$$Table)
    MaxJitter                                0x20000000   Data           4  os.o(.data)
    MaxJitter2                               0x20000004   Data           4  os.o(.data)
    Period1                                  0x20000008   Data           4  os.o(.data)
    Period2                                  0x2000000c   Data           4  os.o(.data)
    ActiveHead                               0x20000010   Data           4  os.o(.data)
    ActiveFoot                               0x20000014   Data           4  os.o(.data)
    RunPt                                    0x20000018   Data           4  os.o(.data)
    SleepHead                                0x2000001c   Data           4  os.o(.data)
    Mailbox                                  0x2000002c   Data           4  os.o(.data)
    GreatestTime                             0x20000030   Data           4  os.o(.data)
    work2                                    0x20000034   Data           4  os.o(.data)
    work1                                    0x20000038   Data           4  os.o(.data)
    numThreads                               0x2000003c   Data           4  os.o(.data)
    PF4task                                  0x20000040   Data           4  os.o(.data)
    PF0task                                  0x20000044   Data           4  os.o(.data)
    PF4Priority                              0x20000048   Data           1  os.o(.data)
    PF0Priority                              0x20000049   Data           1  os.o(.data)
    OSPutI                                   0x2000004c   Data           4  os.o(.data)
    OSGetI                                   0x20000050   Data           4  os.o(.data)
    StreamToDevice                           0x20000054   Data           4  os.o(.data)
    StX                                      0x20000068   Data           4  st7735.o(.data)
    StY                                      0x2000006c   Data           4  st7735.o(.data)
    StTextColor                              0x20000070   Data           2  st7735.o(.data)
    Messageindex                             0x2000007c   Data           4  st7735.o(.data)
    Ymax                                     0x20000080   Data           4  st7735.o(.data)
    Ymin                                     0x20000084   Data           4  st7735.o(.data)
    X                                        0x20000088   Data           4  st7735.o(.data)
    Yrange                                   0x2000008c   Data           4  st7735.o(.data)
    lastj                                    0x20000090   Data           4  st7735.o(.data)
    RxPutI                                   0x20000094   Data           4  uart0int.o(.data)
    RxGetI                                   0x20000098   Data           4  uart0int.o(.data)
    TxPutI                                   0x2000009c   Data           4  uart0int.o(.data)
    TxGetI                                   0x200000a0   Data           4  uart0int.o(.data)
    ADCTask                                  0x200000bc   Data           4  adct0atrigger.o(.data)
    PD3data                                  0x200000c0   Data           4  adct0atrigger.o(.data)
    WidePeriodicTask0                        0x200000c4   Data           4  wtimer0a.o(.data)
    RCV_ID                                   0x200000c8   Data           4  can0.o(.data)
    XMT_ID                                   0x200000cc   Data           4  can0.o(.data)
    ESP8266_EchoResponse                     0x200000d8   Data           1  esp8266.o(.data)
    ESP8266_EchoCommand                      0x200000d9   Data           1  esp8266.o(.data)
    ESP8266RxPutI                            0x200000dc   Data           4  esp8266.o(.data)
    ESP8266RxGetI                            0x200000e0   Data           4  esp8266.o(.data)
    ESP8266Rx0PutI                           0x200000e4   Data           4  esp8266.o(.data)
    ESP8266Rx0GetI                           0x200000e8   Data           4  esp8266.o(.data)
    ESP8266TxPutI                            0x200000ec   Data           4  esp8266.o(.data)
    ESP8266TxGetI                            0x200000f0   Data           4  esp8266.o(.data)
    ESP8266_Server                           0x200000f4   Data           2  esp8266.o(.data)
    ESP8266_ConnectionMux                    0x200000f6   Data           2  esp8266.o(.data)
    ESP8266_Segment                          0x200000f8   Data           2  esp8266.o(.data)
    ESP8266_DataAvailable                    0x2000010c   Data           4  esp8266.o(.data)
    ESP8266_DataLoss                         0x20000110   Data           4  esp8266.o(.data)
    PeriodicTask5                            0x20000114   Data           4  timer5a.o(.data)
    WidePeriodicTask1                        0x20000118   Data           4  wtimer1a.o(.data)
    WidePeriodicTask1b                       0x2000012c   Data           4  wtimer1b.o(.data)
    IntTerm                                  0x20000138   Data           2  lab7.o(.data)
    PrevError                                0x2000013a   Data           2  lab7.o(.data)
    NumCreated                               0x2000013c   Data           4  lab7.o(.data)
    IdleCount                                0x20000140   Data           4  lab7.o(.data)
    Count1                                   0x20000144   Data           4  lab7.o(.data)
    Count2                                   0x20000148   Data           4  lab7.o(.data)
    Count3                                   0x2000014c   Data           4  lab7.o(.data)
    XmtData                                  0x20000150   Data           4  lab7.o(.data)
    RcvData                                  0x20000154   Data           4  lab7.o(.data)
    RcvCount                                 0x20000158   Data           4  lab7.o(.data)
    sequenceNum                              0x2000015c   Data           1  lab7.o(.data)
    Running                                  0x20000160   Data           4  lab7.o(.data)
    __microlib_freelist                      0x20000174   Data           4  mvars.o(.data)
    __microlib_freelist_initialised          0x20000178   Data           4  mvars.o(.data)
    JitterHistogram1                         0x2000017c   Data         256  os.o(.bss)
    JitterHistogram2                         0x2000027c   Data         256  os.o(.bss)
    BoxFree                                  0x2000037c   Data          12  os.o(.bss)
    DataValid                                0x20000388   Data          12  os.o(.bss)
    dump                                     0x20000394   Data        1200  os.o(.bss)
    PF4Set                                   0x20000844   Data          12  os.o(.bss)
    PF0Set                                   0x20000850   Data          12  os.o(.bss)
    DataAvailable                            0x2000105c   Data          12  os.o(.bss)
    Mutex                                    0x20001068   Data          12  os.o(.bss)
    LCDFree                                  0x20001074   Data          12  st7735.o(.bss)
    Message                                  0x20001080   Data          12  st7735.o(.bss)
    UART0RxSema                              0x2000188c   Data          12  uart0int.o(.bss)
    UART0TxSema                              0x20001898   Data          12  uart0int.o(.bss)
    ESP8266Rx                                0x20003100   Data          12  esp8266.o(.bss)
    ESP8266Rx0                               0x2000310c   Data          12  esp8266.o(.bss)
    ESP8266Tx                                0x20003118   Data          12  esp8266.o(.bss)
    Ball                                     0x2000316c   Data          24  pong.o(.bss)
    Paddles                                  0x20003184   Data          32  pong.o(.bss)
    __heap_base                              0x200031a8   Data           0  startup.o(HEAP)
    __heap_limit                             0x200031a8   Data           0  startup.o(HEAP)
    __initial_sp                             0x200035a8   Data           0  startup.o(STACK)



==============================================================================

Memory Map of the image

  Image Entry point : 0x0000026d

  Load Region LR_1 (Base: 0x00000000, Size: 0x0000438c, Max: 0xffffffff, ABSOLUTE, COMPRESSED[0x00004228])

    Execution Region ER_RO (Exec base: 0x00000000, Load base: 0x00000000, Size: 0x00004210, Max: 0xffffffff, ABSOLUTE)

    Exec Addr    Load Addr    Size         Type   Attr      Idx    E Section Name        Object

    0x00000000   0x00000000   0x00000284   Code   RO            3  * RESET               startup.o
    0x00000284   0x00000284   0x00000000   Code   RO         3853  * .ARM.Collect$$$$00000000  mc_w.l(entry.o)
    0x00000284   0x00000284   0x00000004   Code   RO         4176    .ARM.Collect$$$$00000001  mc_w.l(entry2.o)
    0x00000288   0x00000288   0x00000004   Code   RO         4179    .ARM.Collect$$$$00000004  mc_w.l(entry5.o)
    0x0000028c   0x0000028c   0x00000000   Code   RO         4181    .ARM.Collect$$$$00000008  mc_w.l(entry7b.o)
    0x0000028c   0x0000028c   0x00000000   Code   RO         4183    .ARM.Collect$$$$0000000A  mc_w.l(entry8b.o)
    0x0000028c   0x0000028c   0x00000008   Code   RO         4184    .ARM.Collect$$$$0000000B  mc_w.l(entry9a.o)
    0x00000294   0x00000294   0x00000000   Code   RO         4186    .ARM.Collect$$$$0000000D  mc_w.l(entry10a.o)
    0x00000294   0x00000294   0x00000000   Code   RO         4188    .ARM.Collect$$$$0000000F  mc_w.l(entry11a.o)
    0x00000294   0x00000294   0x00000004   Code   RO         4177    .ARM.Collect$$$$00002712  mc_w.l(entry2.o)
    0x00000298   0x00000298   0x0000001c   Code   RO            4    .text               startup.o
    0x000002b4   0x000002b4   0x000000a4   Code   RO         1543    .text               osasm.o
    0x00000358   0x00000358   0x00000024   Code   RO         3856    .text               mc_w.l(rand.o)
    0x0000037c   0x0000037c   0x00000024   Code   RO         4217    .text               mc_w.l(init.o)
    0x000003a0   0x000003a0   0x0000003a   Code   RO         4267    .text               mc_w.l(__dczerorl.o)
    0x000003da   0x000003da   0x00000002   PAD
    0x000003dc   0x000003dc   0x00000024   Code   RO         1546    i.ADC0Seq0_Handler  adct0atrigger.o
    0x00000400   0x00000400   0x0000001c   Code   RO         1547    i.ADC0Seq3_Handler  adct0atrigger.o
    0x0000041c   0x0000041c   0x00000054   Code   RO         3031    i.AppMain           lab7.o
    0x00000470   0x00000470   0x00000054   Code   RO         3236    i.BallReset         pong.o
    0x000004c4   0x000004c4   0x00000088   Code   RO         2305    i.CAN0_Handler      can0.o
    0x0000054c   0x0000054c   0x00000036   Code   RO         2141    i.CANDataRegRead    can.o
    0x00000582   0x00000582   0x00000050   Code   RO         2147    i.CANIntClear       can.o
    0x000005d2   0x000005d2   0x00000002   PAD
    0x000005d4   0x000005d4   0x00000028   Code   RO         2150    i.CANIntNumberGet   can.o
    0x000005fc   0x000005fc   0x0000003c   Code   RO         2152    i.CANIntStatus      can.o
    0x00000638   0x00000638   0x000001b6   Code   RO         2155    i.CANMessageGet     can.o
    0x000007ee   0x000007ee   0x00000002   PAD
    0x000007f0   0x000007f0   0x0000004c   Code   RO         2157    i.CANRegRead        can.o
    0x0000083c   0x0000083c   0x00000018   Code   RO         2158    i.CANRegWrite       can.o
    0x00000854   0x00000854   0x0000007c   Code   RO         2161    i.CANStatusGet      can.o
    0x000008d0   0x000008d0   0x0000008c   Code   RO         1007    i.CS_Init           edisk.o
    0x0000095c   0x0000095c   0x0000006a   Code   RO         3237    i.CollisionCheck    pong.o
    0x000009c6   0x000009c6   0x00000020   Code   RO          450    i.Delay1ms          st7735.o
    0x000009e6   0x000009e6   0x00000002   PAD
    0x000009e8   0x000009e8   0x00000048   Code   RO         2380    i.ESP8266BufferToTx  esp8266.o
    0x00000a30   0x00000a30   0x0000003c   Code   RO         2383    i.ESP8266Rx0Fifo_Put  esp8266.o
    0x00000a6c   0x00000a6c   0x0000003c   Code   RO         2387    i.ESP8266RxFifo_Put  esp8266.o
    0x00000aa8   0x00000aa8   0x00000018   Code   RO         2388    i.ESP8266RxFifo_Size  esp8266.o
    0x00000ac0   0x00000ac0   0x00000050   Code   RO         2389    i.ESP8266RxToBuffer  esp8266.o
    0x00000b10   0x00000b10   0x0000003c   Code   RO         2390    i.ESP8266TxFifo_Get  esp8266.o
    0x00000b4c   0x00000b4c   0x00000018   Code   RO         2393    i.ESP8266TxFifo_Size  esp8266.o
    0x00000b64   0x00000b64   0x00000084   Code   RO           81    i.GPIOPortF_Handler  os.o
    0x00000be8   0x00000be8   0x000000b8   Code   RO         1887    i.Heap_Free         heap.o
    0x00000ca0   0x00000ca0   0x00000018   Code   RO         1888    i.Heap_Init         heap.o
    0x00000cb8   0x00000cb8   0x0000002c   Code   RO         3038    i.Idle              lab7.o
    0x00000ce4   0x00000ce4   0x00000074   Code   RO         2706    i.IntDisable        interrupt.o
    0x00000d58   0x00000d58   0x00000074   Code   RO         2707    i.IntEnable         interrupt.o
    0x00000dcc   0x00000dcc   0x0000005c   Code   RO           13    i.LaunchPad_Init    launchpad.o
    0x00000e28   0x00000e28   0x000001c8   Code   RO         3238    i.MoveBall          pong.o
    0x00000ff0   0x00000ff0   0x00000080   Code   RO           84    i.OS_AddSW1Task     os.o
    0x00001070   0x00001070   0x00000060   Code   RO           85    i.OS_AddSW2Task     os.o
    0x000010d0   0x000010d0   0x000000c8   Code   RO           86    i.OS_AddThread      os.o
    0x00001198   0x00001198   0x0000000c   Code   RO           87    i.OS_ClearMsTime    os.o
    0x000011a4   0x000011a4   0x00000010   Code   RO           93    i.OS_Id             os.o
    0x000011b4   0x000011b4   0x0000007c   Code   RO           94    i.OS_Init           os.o
    0x00001230   0x00001230   0x00000008   Code   RO           95    i.OS_InitSemaphore  os.o
    0x00001238   0x00001238   0x000000a0   Code   RO           97    i.OS_Kill           os.o
    0x000012d8   0x000012d8   0x00000044   Code   RO           98    i.OS_Launch         os.o
    0x0000131c   0x0000131c   0x00000036   Code   RO          107    i.OS_Signal         os.o
    0x00001352   0x00001352   0x00000002   PAD
    0x00001354   0x00001354   0x00000060   Code   RO          108    i.OS_Sleep          os.o
    0x000013b4   0x000013b4   0x00000018   Code   RO          109    i.OS_Suspend        os.o
    0x000013cc   0x000013cc   0x00000014   Code   RO          110    i.OS_Time           os.o
    0x000013e0   0x000013e0   0x00000006   Code   RO          111    i.OS_TimeDifference  os.o
    0x000013e6   0x000013e6   0x00000002   PAD
    0x000013e8   0x000013e8   0x0000007c   Code   RO          115    i.OS_Wait           os.o
    0x00001464   0x00001464   0x0000000c   Code   RO          116    i.OS_bSignal        os.o
    0x00001470   0x00001470   0x0000000c   Code   RO          117    i.OS_bWait          os.o
    0x0000147c   0x0000147c   0x0000007c   Code   RO           66    i.PLL_Init          pll.o
    0x000014f8   0x000014f8   0x000000d4   Code   RO         3239    i.PaddleAI          pong.o
    0x000015cc   0x000015cc   0x0000008c   Code   RO         3240    i.PlayerLeft        pong.o
    0x00001658   0x00001658   0x00000098   Code   RO         3241    i.PlayerRight       pong.o
    0x000016f0   0x000016f0   0x0000010c   Code   RO         3242    i.Pong              pong.o
    0x000017fc   0x000017fc   0x00000068   Code   RO         3039    i.PortD_Init        lab7.o
    0x00001864   0x00001864   0x00000144   Code   RO         2428    i.ReceiveDataFilter  esp8266.o
    0x000019a8   0x000019a8   0x00000014   Code   RO          842    i.RxFifo_Init       uart0int.o
    0x000019bc   0x000019bc   0x0000003c   Code   RO          843    i.RxFifo_Put        uart0int.o
    0x000019f8   0x000019f8   0x00000018   Code   RO          844    i.RxFifo_Size       uart0int.o
    0x00001a10   0x00001a10   0x0000014c   Code   RO         1008    i.SSI0_Init         edisk.o
    0x00001b5c   0x00001b5c   0x000000f8   Code   RO          454    i.ST7735_DrawCharS  st7735.o
    0x00001c54   0x00001c54   0x00000048   Code   RO          458    i.ST7735_DrawPixel  st7735.o
    0x00001c9c   0x00001c9c   0x00000056   Code   RO          460    i.ST7735_DrawString  st7735.o
    0x00001cf2   0x00001cf2   0x00000002   PAD
    0x00001cf4   0x00001cf4   0x000000ac   Code   RO          461    i.ST7735_FillRect   st7735.o
    0x00001da0   0x00001da0   0x00000024   Code   RO          462    i.ST7735_FillScreen  st7735.o
    0x00001dc4   0x00001dc4   0x00000088   Code   RO          464    i.ST7735_InitR      st7735.o
    0x00001e4c   0x00001e4c   0x000000d4   Code   RO          467    i.ST7735_OutChar    st7735.o
    0x00001f20   0x00001f20   0x00000018   Code   RO          468    i.ST7735_OutString  st7735.o
    0x00001f38   0x00001f38   0x0000008c   Code   RO          469    i.ST7735_OutUDec    st7735.o
    0x00001fc4   0x00001fc4   0x00000020   Code   RO          481    i.ST7735_SetCursor  st7735.o
    0x00001fe4   0x00001fe4   0x00000014   Code   RO          121    i.Scheduler         os.o
    0x00001ff8   0x00001ff8   0x0000007c   Code   RO          122    i.SetInitialStack   os.o
    0x00002074   0x00002074   0x00000010   Code   RO         3243    i.SignalLeft        pong.o
    0x00002084   0x00002084   0x00000010   Code   RO         3244    i.SignalRight       pong.o
    0x00002094   0x00002094   0x00000044   Code   RO          123    i.SysTick_Handler   os.o
    0x000020d8   0x000020d8   0x00000026   Code   RO          124    i.SysTick_Init      os.o
    0x000020fe   0x000020fe   0x00000002   PAD
    0x00002100   0x00002100   0x00000018   Code   RO         2847    i.Timer5A_Handler   timer5a.o
    0x00002118   0x00002118   0x00000060   Code   RO         2848    i.Timer5A_Init      timer5a.o
    0x00002178   0x00002178   0x0000003c   Code   RO          845    i.TxFifo_Get        uart0int.o
    0x000021b4   0x000021b4   0x00000014   Code   RO          846    i.TxFifo_Init       uart0int.o
    0x000021c8   0x000021c8   0x0000003c   Code   RO          847    i.TxFifo_Put        uart0int.o
    0x00002204   0x00002204   0x00000018   Code   RO          848    i.TxFifo_Size       uart0int.o
    0x0000221c   0x0000221c   0x00000058   Code   RO          849    i.UART0_Handler     uart0int.o
    0x00002274   0x00002274   0x00000058   Code   RO         2429    i.UART2_Handler     esp8266.o
    0x000022cc   0x000022cc   0x000000e0   Code   RO          856    i.UART_Init         uart0int.o
    0x000023ac   0x000023ac   0x00000038   Code   RO          857    i.UART_OutChar      uart0int.o
    0x000023e4   0x000023e4   0x00000034   Code   RO          858    i.UART_OutCharNonBlock  uart0int.o
    0x00002418   0x00002418   0x00000018   Code   RO          860    i.UART_OutString    uart0int.o
    0x00002430   0x00002430   0x00000060   Code   RO         3245    i.UpdateScore       pong.o
    0x00002490   0x00002490   0x00000018   Code   RO         1859    i.WideTimer0A_Handler  wtimer0a.o
    0x000024a8   0x000024a8   0x00000064   Code   RO         1860    i.WideTimer0A_Init  wtimer0a.o
    0x0000250c   0x0000250c   0x000000a4   Code   RO         2874    i.WideTimer1A_Handler  wtimer1a.o
    0x000025b0   0x000025b0   0x000000a4   Code   RO         2902    i.WideTimer1B_Handler  wtimer1b.o
    0x00002654   0x00002654   0x0000000e   Code   RO         4261    i.__scatterload_copy  mc_w.l(handlers.o)
    0x00002662   0x00002662   0x00000002   Code   RO         4262    i.__scatterload_null  mc_w.l(handlers.o)
    0x00002664   0x00002664   0x0000000e   Code   RO         4263    i.__scatterload_zeroinit  mc_w.l(handlers.o)
    0x00002672   0x00002672   0x00000002   PAD
    0x00002674   0x00002674   0x000000c8   Code   RO          125    i.addToActive       os.o
    0x0000273c   0x0000273c   0x00000090   Code   RO         1247    i.check_fs          ff.o
    0x000027cc   0x000027cc   0x00000056   Code   RO          485    i.commandList       st7735.o
    0x00002822   0x00002822   0x00000002   PAD
    0x00002824   0x00002824   0x0000018c   Code   RO          486    i.commonInit        st7735.o
    0x000029b0   0x000029b0   0x00000038   Code   RO          863    i.copyHardwareToSoftware  uart0int.o
    0x000029e8   0x000029e8   0x00000034   Code   RO          864    i.copySoftwareToHardware  uart0int.o
    0x00002a1c   0x00002a1c   0x00000014   Code   RO         1009    i.deselect          edisk.o
    0x00002a30   0x00002a30   0x0000015c   Code   RO         1012    i.eDisk_Init        edisk.o
    0x00002b8c   0x00002b8c   0x00000090   Code   RO         1013    i.eDisk_Read        edisk.o
    0x00002c1c   0x00002c1c   0x00000014   Code   RO         1015    i.eDisk_Status      edisk.o
    0x00002c30   0x00002c30   0x000000b4   Code   RO         1016    i.eDisk_Write       edisk.o
    0x00002ce4   0x00002ce4   0x00000004   Code   RO         1139    i.eFile_Init        efile.o
    0x00002ce8   0x00002ce8   0x00000034   Code   RO         1140    i.eFile_Mount       efile.o
    0x00002d1c   0x00002d1c   0x0000005c   Code   RO         1269    i.f_mount           ff.o
    0x00002d78   0x00002d78   0x00000048   Code   RO          487    i.fillmessage       st7735.o
    0x00002dc0   0x00002dc0   0x0000038c   Code   RO         1282    i.find_volume       ff.o
    0x0000314c   0x0000314c   0x00000050   Code   RO         4144    i.free              mc_w.l(malloc.o)
    0x0000319c   0x0000319c   0x0000004a   Code   RO         1286    i.get_ldnumber      ff.o
    0x000031e6   0x000031e6   0x00000002   PAD
    0x000031e8   0x000031e8   0x0000001c   Code   RO         1892    i.inHeap            heap.o
    0x00003204   0x00003204   0x00000020   Code   RO          128    i.incrementTime     os.o
    0x00003224   0x00003224   0x00000094   Code   RO         3246    i.init              pong.o
    0x000032b8   0x000032b8   0x00000028   Code   RO         1018    i.init_spi          edisk.o
    0x000032e0   0x000032e0   0x0000000a   Code   RO         3053    i.main              lab7.o
    0x000032ea   0x000032ea   0x00000002   PAD
    0x000032ec   0x000032ec   0x0000006c   Code   RO         4145    i.malloc            mc_w.l(malloc.o)
    0x00003358   0x00003358   0x00000022   Code   RO         1894    i.mergeWithBot      heap.o
    0x0000337a   0x0000337a   0x00000034   Code   RO         1291    i.move_window       ff.o
    0x000033ae   0x000033ae   0x00000012   Code   RO          490    i.pushColor         st7735.o
    0x000033c0   0x000033c0   0x00000048   Code   RO         1019    i.rcvr_datablock    edisk.o
    0x00003408   0x00003408   0x00000030   Code   RO         1020    i.rcvr_spi          edisk.o
    0x00003438   0x00003438   0x00000018   Code   RO         1021    i.rcvr_spi_multi    edisk.o
    0x00003450   0x00003450   0x00000030   Code   RO         1022    i.select            edisk.o
    0x00003480   0x00003480   0x00000096   Code   RO         1023    i.send_cmd          edisk.o
    0x00003516   0x00003516   0x00000002   PAD
    0x00003518   0x00003518   0x00000074   Code   RO          491    i.setAddrWindow     st7735.o
    0x0000358c   0x0000358c   0x00000084   Code   RO          130    i.sleepTask         os.o
    0x00003610   0x00003610   0x00000052   Code   RO         1296    i.sync_window       ff.o
    0x00003662   0x00003662   0x00000002   PAD
    0x00003664   0x00003664   0x00000044   Code   RO          131    i.unlinkNodeFromActive  os.o
    0x000036a8   0x000036a8   0x00000034   Code   RO         1895    i.validPointer      heap.o
    0x000036dc   0x000036dc   0x00000030   Code   RO         1024    i.wait_ready        edisk.o
    0x0000370c   0x0000370c   0x00000050   Code   RO          492    i.writecommand      st7735.o
    0x0000375c   0x0000375c   0x00000054   Code   RO          493    i.writedata         st7735.o
    0x000037b0   0x000037b0   0x00000038   Code   RO         1025    i.xchg_spi          edisk.o
    0x000037e8   0x000037e8   0x0000004c   Code   RO         1026    i.xmit_datablock    edisk.o
    0x00003834   0x00003834   0x00000030   Code   RO         1027    i.xmit_spi_multi    edisk.o
    0x00003864   0x00003864   0x00000008   Data   RO          133    .constdata          os.o
    0x0000386c   0x0000386c   0x00000842   Data   RO          495    .constdata          st7735.o
    0x000040ae   0x000040ae   0x00000036   Data   RO         2432    .constdata          esp8266.o
    0x000040e4   0x000040e4   0x0000010c   Data   RO         2723    .constdata          interrupt.o
    0x000041f0   0x000041f0   0x00000020   Data   RO         4259    Region$$Table       anon$$obj.o


    Execution Region ER_RW (Exec base: 0x20000000, Load base: 0x00004210, Size: 0x0000017c, Max: 0xffffffff, ABSOLUTE, COMPRESSED[0x00000018])

    Exec Addr    Load Addr    Size         Type   Attr      Idx    E Section Name        Object

    0x20000000   COMPRESSED   0x00000065   Data   RW          134    .data               os.o
    0x20000065   COMPRESSED   0x00000003   PAD
    0x20000068   COMPRESSED   0x0000002c   Data   RW          496    .data               st7735.o
    0x20000094   COMPRESSED   0x00000010   Data   RW          866    .data               uart0int.o
    0x200000a4   COMPRESSED   0x0000000d   Data   RW         1028    .data               edisk.o
    0x200000b1   COMPRESSED   0x00000003   PAD
    0x200000b4   COMPRESSED   0x00000006   Data   RW         1299    .data               ff.o
    0x200000ba   COMPRESSED   0x00000002   PAD
    0x200000bc   COMPRESSED   0x00000008   Data   RW         1551    .data               adct0atrigger.o
    0x200000c4   COMPRESSED   0x00000004   Data   RW         1862    .data               wtimer0a.o
    0x200000c8   COMPRESSED   0x00000010   Data   RW         2309    .data               can0.o
    0x200000d8   COMPRESSED   0x0000003c   Data   RW         2433    .data               esp8266.o
    0x20000114   COMPRESSED   0x00000004   Data   RW         2850    .data               timer5a.o
    0x20000118   COMPRESSED   0x00000010   Data   RW         2877    .data               wtimer1a.o
    0x20000128   COMPRESSED   0x00000010   Data   RW         2904    .data               wtimer1b.o
    0x20000138   COMPRESSED   0x0000002c   Data   RW         3058    .data               lab7.o
    0x20000164   COMPRESSED   0x00000009   Data   RW         3248    .data               pong.o
    0x2000016d   COMPRESSED   0x00000003   PAD
    0x20000170   COMPRESSED   0x00000004   Data   RW         3857    .data               mc_w.l(rand.o)
    0x20000174   COMPRESSED   0x00000004   Data   RW         4195    .data               mc_w.l(mvars.o)
    0x20000178   COMPRESSED   0x00000004   Data   RW         4196    .data               mc_w.l(mvars.o)


    Execution Region ER_ZI (Exec base: 0x2000017c, Load base: 0x00004228, Size: 0x0000342c, Max: 0xffffffff, ABSOLUTE)

    Exec Addr    Load Addr    Size         Type   Attr      Idx    E Section Name        Object

    0x2000017c        -       0x00000ef8   Zero   RW          132    .bss                os.o
    0x20001074        -       0x00000018   Zero   RW          494    .bss                st7735.o
    0x2000108c        -       0x00000818   Zero   RW          865    .bss                uart0int.o
    0x200018a4        -       0x0000048c   Zero   RW         1148    .bss                efile.o
    0x20001d30        -       0x000007d0   Zero   RW         1896    .bss                heap.o
    0x20002500        -       0x00000c24   Zero   RW         2431    .bss                esp8266.o
    0x20003124        -       0x00000080   Zero   RW         3247    .bss                pong.o
    0x200031a4   0x00004228   0x00000004   PAD
    0x200031a8        -       0x00000000   Zero   RW            2    HEAP                startup.o
    0x200031a8        -       0x00000400   Zero   RW            1    STACK               startup.o


==============================================================================

Image component sizes


      Code (inc. data)   RO Data    RW Data    ZI Data      Debug   Object Name

        64         20          0          8          0       2384   adct0atrigger.o
       896         10          0          0          0       9824   can.o
       136         18          0         16          0       3579   can0.o
      1794        140          0         13          0      12789   edisk.o
        56         12          0          0       1164       3955   efile.o
       792        126         54         60       3108       7379   esp8266.o
      1352         28          0          6          0      10910   ff.o
       322         18          0          0       2000       4275   heap.o
       232         16        268          0          0       2009   interrupt.o
       242         42          0         44          0       5360   lab7.o
        92         22          0          0          0       4953   launchpad.o
      1974        222          8        101       3832      21227   os.o
       164         14          0          0          0        316   osasm.o
       124          4          0          0          0        467   pll.o
      1694        194          0          9        128       6906   pong.o
      2042        236       2114         44         24      15628   st7735.o
       672        622          0          0       1024        980   startup.o
       120         28          0          4          0       1669   timer5a.o
       820        146          0         16       2072       8624   uart0int.o
       124         30          0          4          0       1605   wtimer0a.o
       164         34          0         16          0       1522   wtimer1a.o
       164         32          0         16          0       1525   wtimer1b.o

    ----------------------------------------------------------------------
     14064       2014       2476        368      13356     127886   Object Totals
         0          0         32          0          0          0   (incl. Generated)
        24          0          0         11          4          0   (incl. Padding)

    ----------------------------------------------------------------------

      Code (inc. data)   RO Data    RW Data    ZI Data      Debug   Library Member Name

        58          0          0          0          0          0   __dczerorl.o
         0          0          0          0          0          0   entry.o
         0          0          0          0          0          0   entry10a.o
         0          0          0          0          0          0   entry11a.o
         8          4          0          0          0          0   entry2.o
         4          0          0          0          0          0   entry5.o
         0          0          0          0          0          0   entry7b.o
         0          0          0          0          0          0   entry8b.o
         8          4          0          0          0          0   entry9a.o
        30          0          0          0          0          0   handlers.o
        36          8          0          0          0         68   init.o
       188         20          0          0          0        160   malloc.o
         0          0          0          8          0          0   mvars.o
        36         10          0          4          0        136   rand.o

    ----------------------------------------------------------------------
       372         46          0         12          0        364   Library Totals
         4          0          0          0          0          0   (incl. Padding)

    ----------------------------------------------------------------------

      Code (inc. data)   RO Data    RW Data    ZI Data      Debug   Library Name

       368         46          0         12          0        364   mc_w.l

    ----------------------------------------------------------------------
       372         46          0         12          0        364   Library Totals

    ----------------------------------------------------------------------

==============================================================================


      Code (inc. data)   RO Data    RW Data    ZI Data      Debug   

     14436       2060       2476        380      13356     121774   Grand Totals
     14436       2060       2476         24      13356     121774   ELF Image Totals (compressed)
     14436       2060       2476         24          0          0   ROM Totals

==============================================================================

    Total RO  Size (Code + RO Data)                16912 (  16.52kB)
    Total RW  Size (RW Data + ZI Data)             13736 (  13.41kB)
    Total ROM Size (Code + RO Data + RW Data)      16936 (  16.54kB)

==============================================================================

